--------- beginning of main
08-18 17:22:43.735 D/Typeface(31209): updateDefaultTypeface(sans-serif, 0)
08-18 17:22:43.740 D/Typeface(31209): updateDefaultTypeface(sans-serif, 0)
08-18 17:22:43.745 I/Core_AppController(31209): [Android] L10N-Android[snapshot/ComponentCallbacks.onConfigurationChanged/immediate] sysLocales=zh-CN,ast-ES appLocales=<empty> effLocales=zh-CN,ast-ES defaultLocales=zh-CN,ast-ES configLocales=zh-CN,ast-ES appOverrideActive=false
08-18 17:22:43.745 I/Core_AppController(31209): [Android] L10N-Android[ComponentCallbacks.onConfigurationChanged/immediate] system=zh-CN(prev=zh-CN,chg=false) force=false emit=false
08-18 17:22:43.747 D/ComboLite/PluginManager(31209): 正在从插件 'com.xiaoji.egggame.plugin.pcengine' 中获取接口 'IPluginService' 的实现 'com.xiaoji.egggame.plugin.pcengine.PcEnginePluginBridgeService'...
08-18 17:22:43.748 I/WinEmuModule(31209): [Android] PC engine prepareLaunch session=10496-e65501f8-7bd1-427c-93ba-b0e683c86147 gameId=10496 steam=false sourceType= exeBlank=false
08-18 17:22:43.751 I/WinEmuModule(31209): [Android] PC engine real WineActivity launch session=10496-e65501f8-7bd1-427c-93ba-b0e683c86147 gameId=10496
08-18 17:22:43.829 D/Typeface(31209): updateDefaultTypeface(sans-serif, 0)
08-18 17:22:43.829 D/Typeface(31209): updateDefaultTypeface(sans-serif, 0)
--------- beginning of system
08-18 17:22:43.829 D/ActivityThread(31209): ***** handleLaunchActivity ActivityRecord{6d2071e token=android.os.BinderProxy@28aff59 {com.xiaoji.egggame/com.xiaoji.egggame.plugin.pcengine.host.PcEnginePluginHostActivity}}
08-18 17:22:43.832 I/Core_AppController(31209): [Android] L10N-Android[snapshot/ComponentCallbacks.onConfigurationChanged/immediate] sysLocales=zh-CN,ast-ES appLocales=<empty> effLocales=zh-CN,ast-ES defaultLocales=zh-CN,ast-ES configLocales=zh-CN,ast-ES appOverrideActive=false
08-18 17:22:43.832 I/Core_AppController(31209): [Android] L10N-Android[ComponentCallbacks.onConfigurationChanged/immediate] system=zh-CN(prev=zh-CN,chg=false) force=false emit=false
08-18 17:22:43.835 I/ActivityThread(31209): performLaunchActivity - r.token = android.os.BinderProxy@28aff59, getComponent() = ComponentInfo{com.xiaoji.egggame/com.xiaoji.egggame.plugin.pcengine.host.PcEnginePluginHostActivity}
08-18 17:22:43.838 D/Typeface(31209): updateDefaultTypeface(sans-serif, 0)
08-18 17:22:43.838 D/ComboLite/PluginManager(31209): 正在从插件 'com.xiaoji.egggame.plugin.pcengine' 中获取接口 'IPluginActivity' 的实现 'com.xiaoji.egggame.plugin.pcengine.EngineWinePluginActivity'...
08-18 17:22:43.838 D/ComboLite/?(31209): 加载插件Activity [com.xiaoji.egggame.plugin.pcengine.EngineWinePluginActivity]
08-18 17:22:43.840 I/DecorView(31209): name:内置屏幕, isVehicleDisplay = false
08-18 17:22:43.840 D/DecorView(31209): packageName:com.xiaoji.egggame isEmbedded:false
08-18 17:22:43.840 D/DecorView(31209): isNeedToChangeSplitDragCaptionView - currentWindowMode = 1, pkgName = com.xiaoji.egggame, isAllowed = false, isActivityEmbedded = false
08-18 17:22:43.841 I/RefreshRateHelper(31209): [Android] setHighestRefreshRate: target=120.00001Hz modeId=2, current=90.0Hz
08-18 17:22:43.841 I/WinEmuModule(31209): [Android] WineActivity locale override changed source=initSetupLaunch old=null new=zh-CN
08-18 17:22:43.842 W/WindowOnBackDispatcher(31209): OnBackInvokedCallback is not enabled for the application.
08-18 17:22:43.842 W/WindowOnBackDispatcher(31209): Set 'android:enableOnBackInvokedCallback="true"' in the application manifest.
08-18 17:22:43.843 D/ActivityThread(31209): ***** handleStartActivity ActivityRecord{6d2071e token=android.os.BinderProxy@28aff59 {com.xiaoji.egggame/com.xiaoji.egggame.plugin.pcengine.host.PcEnginePluginHostActivity}} stopped= true paused= true mFinished= false
08-18 17:22:43.844 D/ActivityThread(31209): ***** performResumeActivity ActivityRecord{6d2071e token=android.os.BinderProxy@28aff59 {com.xiaoji.egggame/com.xiaoji.egggame.plugin.pcengine.host.PcEnginePluginHostActivity}} mFinished= false
08-18 17:22:43.845 I/Core_AppController(31209): [Android] L10N-Android[reapply] reason=activity_resumed signal=3 resumedCount=1 sourceActivity=PcEnginePluginHostActivity activeActivity=PcEnginePluginHostActivity
08-18 17:22:43.846 I/WinEmuModule(31209): [Android] [WinLaunchTrace][f82503bb-9fd6-413b-899a-7e4d0527ec77][114012694] onResume() begin
08-18 17:22:43.846 I/RefreshRateHelper(31209): [Android] setHighestRefreshRate: target=120.00001Hz modeId=2, current=90.0Hz
08-18 17:22:43.849 I/Core_AppController(31209): [Android] L10N-Android[snapshot/Activity.onResumed/immediate] sysLocales=zh-CN,ast-ES appLocales=<empty> effLocales=zh-CN,ast-ES defaultLocales=zh-CN,ast-ES configLocales=zh-CN,ast-ES appOverrideActive=false
08-18 17:22:43.849 I/Core_AppController(31209): [Android] L10N-Android[Activity.onResumed/immediate] system=zh-CN(prev=zh-CN,chg=false) force=true emit=true
08-18 17:22:43.851 D/ForceDarkTool(31209): update(Context context), mPackageName = com.xiaoji.egggame, mForceDarkAllowed = false
08-18 17:22:43.852 D/WindowClient(31209): Add to mViews: com.android.internal.policy.DecorView{d271e39 I.E...... R.....ID 0,0-0,0}[PcEnginePluginHostActivity], this = android.view.WindowManagerGlobal@2523284mViews.size()=1
08-18 17:22:43.852 D/WindowClient(31209): Add to mViews packageName:com.xiaoji.egggame
08-18 17:22:43.857 D/ForceDarkTool(31209): update(Context context), mPackageName = com.xiaoji.egggame, mForceDarkAllowed = false
08-18 17:22:43.857 I/ViewRootImpl(31209): startAppTraversalsAccelerate mBasePackageName = com.xiaoji.egggame ,isEnableAppTraversalsAccelerate = false
08-18 17:22:43.858 D/DecorView(31209): packageName:com.xiaoji.egggame isEmbedded:false
08-18 17:22:43.858 D/DecorView(31209): isNeedToChangeSplitDragCaptionView - currentWindowMode = 1, pkgName = com.xiaoji.egggame, isAllowed = false, isActivityEmbedded = false
08-18 17:22:43.858 D/DecorView(31209): updateDecorCaptionStatus: isNeedToChangeSplitDragCaptionViewfalse,false
08-18 17:22:43.859 D/DecorView(31209): packageName:com.xiaoji.egggame isEmbedded:false
08-18 17:22:43.859 D/DecorView(31209): isNeedToChangeSplitDragCaptionView - currentWindowMode = 1, pkgName = com.xiaoji.egggame, isAllowed = false, isActivityEmbedded = false
08-18 17:22:43.869 I/Core_Lifecycle(31209): [Android] [RebuildTrace] App@e519ec7 ENTER composition
08-18 17:22:43.870 I/Core_Lifecycle(31209): [Android] [RebuildTrace] App@e519ec7 themeMode initial: Dark
08-18 17:22:43.870 I/Core_Lifecycle(31209): [Android] [RebuildTrace] App@e519ec7 systemDark initial: false
08-18 17:22:43.870 I/Core_Lifecycle(31209): [Android] [RebuildTrace] App@e519ec7 isDarkTheme initial: true
08-18 17:22:43.870 I/Core_Lifecycle(31209): [Android] [RebuildTrace] App@e519ec7 language initial: ChineseSimplified
08-18 17:22:43.870 I/Core_Lifecycle(31209): [Android] [RebuildTrace] App@e519ec7 localeTag initial: zh-CN
08-18 17:22:43.870 I/Core_Lifecycle(31209): [Android] [RebuildTrace] App@e519ec7 contentHeightRatio initial: 1.0
08-18 17:22:43.870 I/Core_Lifecycle(31209): [Android] [RebuildTrace] App@e519ec7 screenOrientation initial: Portrait
08-18 17:22:43.872 W/gggame:pcengine(31209): Couldn't lock the profile file /data/user/0/com.xiaoji.egggame/files/plugins/com.xiaoji.egggame.plugin.pcengine/oat/base.apk.cur.prof: Failed to open file '/data/user/0/com.xiaoji.egggame/files/plugins/com.xiaoji.egggame.plugin.pcengine/oat/base.apk.cur.prof': Permission denied
08-18 17:22:43.872 W/gggame:pcengine(31209): Could not forcefully load profile /data/user/0/com.xiaoji.egggame/files/plugins/com.xiaoji.egggame.plugin.pcengine/oat/base.apk.cur.prof
08-18 17:22:43.883 W/libc    (31209): Access denied finding property "vendor.display.enable_optimal_refresh_rate"
08-18 17:22:43.878 W/gggame:pcengine(31209): type=1400 audit(0.0:384454): avc:  denied  { read } for  name="u:object_r:vendor_display_prop:s0" dev="tmpfs" ino=454 scontext=u:r:untrusted_app:s0:c246,c258,c512,c768 tcontext=u:object_r:vendor_display_prop:s0 tclass=file permissive=0
08-18 17:22:43.895 I/WinEmuModule(31209): [Android] WineActivity startSetupProcess(10496) gameSource(LocalImport)
08-18 17:22:43.896 I/Core_Adaptive(31209): [Android] AdaptiveInfo: maxWidthDp=826.6667, maxHeightDp=372.0, orientation=LandscapeLike, variant=CompactHeight, windowSizeClass=WindowSizeClass(minWidthDp=600, minHeightDp=0), listDetailLayoutVariant=TwoPane
08-18 17:22:43.896 I/TeamPlay_FocusDebug(31209): [Android] [Host] entries size=0 ids=
08-18 17:22:43.908 I/NetworkModule(31209): [Android] buildSign source -> md5Lowercase : game_id=10496&game_type=1&all-egg-shell-y7ZatUDk -> 120cd00032043665931431a0b312435c
08-18 17:22:43.908 I/NetworkTokenRefresh(31209): [Android] TokenRefreshPlugin: send request path=simulator/getGameLoadingPromptList
08-18 17:22:43.908 I/Core_AppController(31209): [Android] L10N-Android[snapshot/ComponentCallbacks.onConfigurationChanged/+150ms] sysLocales=zh-CN,ast-ES appLocales=<empty> effLocales=zh-CN defaultLocales=zh-CN appOverrideActive=false
08-18 17:22:43.908 I/Core_AppController(31209): [Android] L10N-Android[ComponentCallbacks.onConfigurationChanged/+150ms] system=zh-CN(prev=zh-CN,chg=false) force=false emit=false
08-18 17:22:43.909 I/NetworkModule(31209): [Android] [API] REQUEST: https://dev2-gamehub-api-oversea.vgabc.com/simulator/getGameLoadingPromptList
08-18 17:22:43.909 I/NetworkModule(31209): METHOD: POST
08-18 17:22:43.917 I/SetupLogger(31209): [Android] ═══════ 第一阶段：下载配置 ═══════
08-18 17:22:43.918 I/SetupLogger(31209): [Android] ▶ 开始任务: Download Game Config
08-18 17:22:43.918 I/SetupLogger(31209): [Android]   → 开始下载游戏配置文件，gameId=10496
08-18 17:22:43.918 I/SetupLogger(31209): [Android]   ⏳ [Download Game Config] 0% - 正在检查环境和固件…
08-18 17:22:43.919 I/NetworkModule(31209): [Android] buildSign source -> md5Lowercase : &all-egg-shell-y7ZatUDk -> 824679fc761f196ca00d7daac907a332
08-18 17:22:43.919 I/NetworkModule(31209): [Android] buildSign source -> md5Lowercase : page=1&page_size=1000&all-egg-shell-y7ZatUDk -> dc2d594f86b650479d9dd30d3f61f4a0
08-18 17:22:43.922 I/NetworkTokenRefresh(31209): [Android] TokenRefreshPlugin: send request path=simulator/v2/getImagefsDetail
08-18 17:22:43.924 I/NetworkModule(31209): [Android] [API] REQUEST: https://dev2-gamehub-api-oversea.vgabc.com/simulator/v2/getImagefsDetail
08-18 17:22:43.924 I/NetworkModule(31209): METHOD: GET
08-18 17:22:43.924 I/NetworkTokenRefresh(31209): [Android] TokenRefreshPlugin: send request path=simulator/v2/getAllComponentList
08-18 17:22:43.925 I/NetworkModule(31209): [Android] [API] REQUEST: https://dev2-gamehub-api-oversea.vgabc.com/simulator/v2/getAllComponentList?page=1&page_size=1000
08-18 17:22:43.925 I/NetworkModule(31209): METHOD: GET
08-18 17:22:43.926 I/NetworkModule(31209): [Android] buildSign source -> md5Lowercase : &all-egg-shell-y7ZatUDk -> 824679fc761f196ca00d7daac907a332
08-18 17:22:43.927 D/TrafficStats(31209): tagSocket(147) with statsTag=0xffffffff, statsUid=-1
08-18 17:22:43.928 D/TrafficStats(31209): tagSocket(162) with statsTag=0xffffffff, statsUid=-1
08-18 17:22:43.928 D/TrafficStats(31209): tagSocket(165) with statsTag=0xffffffff, statsUid=-1
08-18 17:22:43.929 I/NetworkTokenRefresh(31209): [Android] TokenRefreshPlugin: send request path=simulator/v2/getContainerList
08-18 17:22:43.929 I/NetworkModule(31209): [Android] [API] REQUEST: https://dev2-gamehub-api-oversea.vgabc.com/simulator/v2/getContainerList
08-18 17:22:43.929 I/NetworkModule(31209): METHOD: GET
08-18 17:22:43.931 D/TrafficStats(31209): tagSocket(172) with statsTag=0xffffffff, statsUid=-1
08-18 17:22:43.983 I/Core_AppController(31209): [Android] L10N-Android[snapshot/ComponentCallbacks.onConfigurationChanged/+150ms] sysLocales=zh-CN,ast-ES appLocales=<empty> effLocales=zh-CN defaultLocales=zh-CN appOverrideActive=false
08-18 17:22:43.983 I/Core_AppController(31209): [Android] L10N-Android[ComponentCallbacks.onConfigurationChanged/+150ms] system=zh-CN(prev=zh-CN,chg=false) force=false emit=false
08-18 17:22:43.988 E/FenceTime(31209): FenceTime::applyTrustedSnapshot: signalTime mismatch. (114012809575204 (old) != -1 (new))
08-18 17:22:43.998 E/FenceTime(31209): FenceTime::applyTrustedSnapshot: signalTime mismatch. (114012809575204 (old) != -1 (new))
08-18 17:22:44.001 I/Core_AppController(31209): [Android] L10N-Android[snapshot/Activity.onResumed/+150ms] sysLocales=zh-CN,ast-ES appLocales=<empty> effLocales=zh-CN defaultLocales=zh-CN appOverrideActive=false
08-18 17:22:44.001 I/Core_AppController(31209): [Android] L10N-Android[Activity.onResumed/+150ms] system=zh-CN(prev=zh-CN,chg=false) force=false emit=false
08-18 17:22:44.009 E/FenceTime(31209): FenceTime::applyTrustedSnapshot: signalTime mismatch. (114012809575204 (old) != -1 (new))
08-18 17:22:44.020 E/FenceTime(31209): FenceTime::applyTrustedSnapshot: signalTime mismatch. (114012809575204 (old) != -1 (new))
08-18 17:22:44.027 E/FrameEvents(31209): addRelease: Did not find frame.
08-18 17:22:44.036 E/FrameEvents(31209): addRelease: Did not find frame.
08-18 17:22:44.047 I/Core_AppController(31209): [Android] L10N-Android[snapshot/ComponentCallbacks.onConfigurationChanged/+300ms] sysLocales=zh-CN,ast-ES appLocales=<empty> effLocales=zh-CN defaultLocales=zh-CN appOverrideActive=false
08-18 17:22:44.047 I/Core_AppController(31209): [Android] L10N-Android[ComponentCallbacks.onConfigurationChanged/+300ms] system=zh-CN(prev=zh-CN,chg=false) force=false emit=false
08-18 17:22:44.056 I/RefreshRateHelper(31209): [Android] setHighestRefreshRate: target=120.00001Hz modeId=2, current=90.0Hz
08-18 17:22:44.056 E/FrameEvents(31209): addRelease: Did not find frame.
08-18 17:22:44.056 D/ImeFocusController(31209): onWindowFocus: com.android.internal.policy.DecorView{d271e39 V.E...... R.....I. 0,0-2480,1116}[PcEnginePluginHostActivity] softInputMode=STATE_HIDDEN|ADJUST_NOTHING|IS_FORWARD_NAVIGATION
08-18 17:22:44.057 D/InputMethodManager(31209): onViewFocusChangedInternal, view=com.android.internal.policy.DecorView{d271e39 V.E...... R.....I. 0,0-2480,1116}[PcEnginePluginHostActivity],focus=false,windowFocus=true,window=android.view.ViewRootImpl$W@f3a289c,displayId=0,temporaryDetach=false,hasImeFocus=true callers:android.view.inputmethod.InputMethodManager.-$$Nest$monViewFocusChangedInternal:0 android.view.inputmethod.InputMethodManager$DelegateImpl.onPostWindowGainedFocus:891 android.view.ImeFocusController.onPostWindowFocus:110 android.view.ViewRootImpl.handleWindowFocusChanged:5202 android.view.ViewRootImpl.-$$Nest$mhandleWindowFocusChanged:0 android.view.ViewRootImpl$ViewRootHandler.handleMessageImpl:7414 android.view.ViewRootImpl$ViewRootHandler.handleMessage:7324 android.os.Handler.dispatchMessage:107 android.os.Looper.loopOnce:266 android.os.Looper.loop:376 android.app.ActivityThread.main:10023 java.lang.reflect.Method.invoke:-2 com.android.internal.os.RuntimeInit$MethodAndArgsCaller.run:580 com.android.internal.os.ZygoteInit.main:892 <bottom of call stack> <bottom of call stack> <bottom of call stack> <bottom of call stack> <bottom of call stack> <bottom of call stack> <bottom of call stack> <bottom of call stack> <bottom of call stack> <bottom of call stack> <bottom of call stack> <bottom of call stack> <bottom of call stack> <bottom of call stack> <bottom of call stack> <bottom of call stack> 
08-18 17:22:44.057 D/InputMethodManager(31209): checkFocus: view=null next=com.android.internal.policy.DecorView{d271e39 V.E...... R.....I. 0,0-2480,1116}[PcEnginePluginHostActivity] force=true package=<none>
08-18 17:22:44.057 D/InputMethodManager(31209): Starting input: editorInfo=android.view.inputmethod.EditorInfo@8cb02a5 ic=null
08-18 17:22:44.073 I/NetworkModule(31209): [Android] [API] RESPONSE: 200 OK
08-18 17:22:44.073 I/NetworkModule(31209): METHOD: GET
08-18 17:22:44.073 I/NetworkModule(31209): FROM: https://dev2-gamehub-api-oversea.vgabc.com/simulator/v2/getImagefsDetail
08-18 17:22:44.074 I/NetworkModule(31209): [Android] [API] RESPONSE: 200 OK
08-18 17:22:44.074 I/NetworkModule(31209): METHOD: POST
08-18 17:22:44.074 I/NetworkModule(31209): FROM: https://dev2-gamehub-api-oversea.vgabc.com/simulator/getGameLoadingPromptList
08-18 17:22:44.075 I/NetworkModule(31209): [Android] [API] RESPONSE: 200 OK
08-18 17:22:44.075 I/NetworkModule(31209): METHOD: GET
08-18 17:22:44.075 I/NetworkModule(31209): FROM: https://dev2-gamehub-api-oversea.vgabc.com/simulator/v2/getContainerList
08-18 17:22:44.078 I/SetupLogger(31209): [Android]   → Loading tips prepared for launch, size=11
08-18 17:22:44.085 I/WinEmuModule(31209): [Android] fetchContainers network fresh: count=12
08-18 17:22:44.095 I/NetworkModule(31209): [Android] [API] RESPONSE: 200 OK
08-18 17:22:44.095 I/NetworkModule(31209): METHOD: GET
08-18 17:22:44.095 I/NetworkModule(31209): FROM: https://dev2-gamehub-api-oversea.vgabc.com/simulator/v2/getAllComponentList?page=1&page_size=1000
08-18 17:22:44.133 I/Core_AppController(31209): [Android] L10N-Android[snapshot/ComponentCallbacks.onConfigurationChanged/+300ms] sysLocales=zh-CN,ast-ES appLocales=<empty> effLocales=zh-CN defaultLocales=zh-CN appOverrideActive=false
08-18 17:22:44.133 I/Core_AppController(31209): [Android] L10N-Android[ComponentCallbacks.onConfigurationChanged/+300ms] system=zh-CN(prev=zh-CN,chg=false) force=false emit=false
08-18 17:22:44.150 I/Core_AppController(31209): [Android] L10N-Android[snapshot/Activity.onResumed/+300ms] sysLocales=zh-CN,ast-ES appLocales=<empty> effLocales=zh-CN defaultLocales=zh-CN appOverrideActive=false
08-18 17:22:44.150 I/Core_AppController(31209): [Android] L10N-Android[Activity.onResumed/+300ms] system=zh-CN(prev=zh-CN,chg=false) force=false emit=false
08-18 17:22:44.247 I/Core_AppController(31209): [Android] L10N-Android[snapshot/ComponentCallbacks.onConfigurationChanged/+500ms] sysLocales=zh-CN,ast-ES appLocales=<empty> effLocales=zh-CN defaultLocales=zh-CN appOverrideActive=false
08-18 17:22:44.247 I/Core_AppController(31209): [Android] L10N-Android[ComponentCallbacks.onConfigurationChanged/+500ms] system=zh-CN(prev=zh-CN,chg=false) force=false emit=false
08-18 17:22:44.307 I/RefreshRateHelper(31209): [Android] setHighestRefreshRate: target=120.00001Hz modeId=2, current=90.0Hz
08-18 17:22:44.334 I/Core_AppController(31209): [Android] L10N-Android[snapshot/ComponentCallbacks.onConfigurationChanged/+500ms] sysLocales=zh-CN,ast-ES appLocales=<empty> effLocales=zh-CN defaultLocales=zh-CN appOverrideActive=false
08-18 17:22:44.334 I/Core_AppController(31209): [Android] L10N-Android[ComponentCallbacks.onConfigurationChanged/+500ms] system=zh-CN(prev=zh-CN,chg=false) force=false emit=false
08-18 17:22:44.350 I/Core_AppController(31209): [Android] L10N-Android[snapshot/Activity.onResumed/+500ms] sysLocales=zh-CN,ast-ES appLocales=<empty> effLocales=zh-CN defaultLocales=zh-CN appOverrideActive=false
08-18 17:22:44.350 I/Core_AppController(31209): [Android] L10N-Android[Activity.onResumed/+500ms] system=zh-CN(prev=zh-CN,chg=false) force=false emit=false
08-18 17:22:44.451 D/ViewRootImpl(31209): DEBUG_DELIVER: set DeliverInputEventCallback
08-18 17:22:44.452 D/Typeface(31209): updateDefaultTypeface(sans-serif, 0)
08-18 17:22:44.454 I/Core_AppController(31209): [Android] L10N-Android[snapshot/ComponentCallbacks.onConfigurationChanged/immediate] sysLocales=zh-CN,ast-ES appLocales=<empty> effLocales=zh-CN,ast-ES defaultLocales=zh-CN,ast-ES configLocales=zh-CN,ast-ES appOverrideActive=false
08-18 17:22:44.454 I/Core_AppController(31209): [Android] L10N-Android[ComponentCallbacks.onConfigurationChanged/immediate] system=zh-CN(prev=zh-CN,chg=false) force=false emit=false
08-18 17:22:44.491 I/SetupLogger(31209): [Android]   → 资源管理器刷新完成
08-18 17:22:44.495 D/Typeface(31209): updateDefaultTypeface(sans-serif, 0)
08-18 17:22:44.498 I/NetworkModule(31209): [Android] buildSign source -> md5Lowercase : game_id=10496&game_type=1&gpu_device_name=Adreno (TM) 740&gpu_system_driver_version=2150252611&gpu_vendor=Qualcomm&gpu_version=740&steam_appid=0&all-egg-shell-y7ZatUDk -> 9b6f8757920367a1300944626e86e066
08-18 17:22:44.499 I/NetworkTokenRefresh(31209): [Android] TokenRefreshPlugin: send request path=simulator/executeScript
08-18 17:22:44.499 I/NetworkModule(31209): [Android] [API] REQUEST: https://dev2-gamehub-api-oversea.vgabc.com/simulator/executeScript
08-18 17:22:44.499 I/NetworkModule(31209): METHOD: POST
08-18 17:22:44.504 I/Core_AppController(31209): [Android] L10N-Android[snapshot/ComponentCallbacks.onConfigurationChanged/immediate] sysLocales=zh-CN,ast-ES appLocales=<empty> effLocales=zh-CN,ast-ES defaultLocales=zh-CN,ast-ES configLocales=zh-CN,ast-ES appOverrideActive=false
08-18 17:22:44.504 I/Core_AppController(31209): [Android] L10N-Android[ComponentCallbacks.onConfigurationChanged/immediate] system=zh-CN(prev=zh-CN,chg=false) force=false emit=false
08-18 17:22:44.533 I/NetworkModule(31209): [Android] [API] RESPONSE: 200 OK
08-18 17:22:44.533 I/NetworkModule(31209): METHOD: POST
08-18 17:22:44.533 I/NetworkModule(31209): FROM: https://dev2-gamehub-api-oversea.vgabc.com/simulator/executeScript
08-18 17:22:44.538 I/WinEmuModule(31209): [Android] getGameConfigByScript network fresh: gameId=10496 steamAppId=0 gameType=1 imagefsVersion=1.5.0
08-18 17:22:44.541 I/WinEmuModule(31209): [Android] getRepoWithRefresh name = Firmware , repo = Firmware , version = 1.5.0,expectedVersion = null
08-18 17:22:44.541 I/WinEmuModule(31209): [Android] getRepoWithRefresh name = proton11.0-arm64x , repo = proton11.0-arm64x , version = 1.0.9,expectedVersion = null
08-18 17:22:44.541 I/WinEmuModule(31209): [Android] getRepoWithRefresh name = vkd3d-2.12 , repo = vkd3d-2.12 , version = 1.1.1,expectedVersion = null
08-18 17:22:44.541 I/WinEmuModule(31209): [Android] getRepoWithRefresh name = base , repo = base , version = 1.0.1,expectedVersion = null
08-18 17:22:44.541 I/WinEmuModule(31209): [Android] getRepoWithRefresh name = dxvk-2.3.1-async , repo = dxvk-2.3.1-async , version = 1.1.0,expectedVersion = null
08-18 17:22:44.541 I/WinEmuModule(31209): [Android] getRepoWithRefresh name = turnip_v26.1.0_R4 , repo = turnip_v26.1.0_R4 , version = 1.0.0,expectedVersion = null
08-18 17:22:44.542 I/WinEmuModule(31209): [Android] getRepoWithRefresh name = Fex_20260509 , repo = Fex_20260509 , version = 1.0.0,expectedVersion = null
08-18 17:22:44.548 I/WinEmuModule(31209): [Android] reconcileSelectedSettings update container=true steam=false gpu=true dxvk=true vkd3d=true fex=true box=false
08-18 17:22:44.551 I/WinEmuModule(31209): [Android] checkSteamClient , gameSource = LocalImport , 不需要下载SteamClient , remove success = false
08-18 17:22:44.553 I/WinEmuModule(31209): [Android] 本地用户选择的组件 (vkd3d-2.12) 已下载，无需重新下载
08-18 17:22:44.553 I/WinEmuModule(31209): [Android] check user select first
08-18 17:22:44.554 I/WinEmuModule(31209): [Android] 本地用户选择的组件 (dxvk-2.3.1-async) 已下载，无需重新下载
08-18 17:22:44.554 I/WinEmuModule(31209): [Android] check user select first
08-18 17:22:44.555 I/WinEmuModule(31209): [Android] 本地用户选择的组件 (turnip_v26.1.0_R4) 已下载，无需重新下载
08-18 17:22:44.555 I/WinEmuModule(31209): [Android] check user select first
08-18 17:22:44.556 I/WinEmuModule(31209): [Android] 本地用户选择的组件 (Fex_20260509) 已下载，无需重新下载
08-18 17:22:44.556 I/WinEmuModule(31209): [Android] check user select first
08-18 17:22:44.557 I/WinEmuModule(31209): [Android] GameConfigDownloadFlow , pendingList []
08-18 17:22:44.562 I/NetworkModule(31209): [Android] buildSign source -> md5Lowercase : page=1&page_size=1000&all-egg-shell-y7ZatUDk -> dc2d594f86b650479d9dd30d3f61f4a0
08-18 17:22:44.564 I/NetworkTokenRefresh(31209): [Android] TokenRefreshPlugin: send request path=simulator/v2/getAllComponentList
08-18 17:22:44.565 I/NetworkModule(31209): [Android] [API] REQUEST: https://dev2-gamehub-api-oversea.vgabc.com/simulator/v2/getAllComponentList?page=1&page_size=1000
08-18 17:22:44.565 I/NetworkModule(31209): METHOD: GET
08-18 17:22:44.634 E/FrameEvents(31209): addLatch: Did not find frame.
08-18 17:22:44.634 E/FrameEvents(31209): addRelease: Did not find frame.
08-18 17:22:44.634 E/FrameEvents(31209): addPreComposition: Did not find frame.
08-18 17:22:44.634 E/FrameEvents(31209): addPostComposition: Did not find frame.
08-18 17:22:44.638 E/FrameEvents(31209): addRelease: Did not find frame.
08-18 17:22:44.643 I/NetworkModule(31209): [Android] [API] RESPONSE: 200 OK
08-18 17:22:44.643 I/NetworkModule(31209): METHOD: GET
08-18 17:22:44.643 I/NetworkModule(31209): FROM: https://dev2-gamehub-api-oversea.vgabc.com/simulator/v2/getAllComponentList?page=1&page_size=1000
08-18 17:22:44.646 I/Core_AppController(31209): [Android] L10N-Android[snapshot/ComponentCallbacks.onConfigurationChanged/+150ms] sysLocales=zh-CN,ast-ES appLocales=<empty> effLocales=zh-CN,ast-ES defaultLocales=zh-CN,ast-ES appOverrideActive=false
08-18 17:22:44.646 I/Core_AppController(31209): [Android] L10N-Android[ComponentCallbacks.onConfigurationChanged/+150ms] system=zh-CN(prev=zh-CN,chg=false) force=false emit=false
08-18 17:22:44.656 I/Core_AppController(31209): [Android] L10N-Android[snapshot/ComponentCallbacks.onConfigurationChanged/+150ms] sysLocales=zh-CN,ast-ES appLocales=<empty> effLocales=zh-CN,ast-ES defaultLocales=zh-CN,ast-ES appOverrideActive=false
08-18 17:22:44.656 I/Core_AppController(31209): [Android] L10N-Android[ComponentCallbacks.onConfigurationChanged/+150ms] system=zh-CN(prev=zh-CN,chg=false) force=false emit=false
08-18 17:22:44.756 I/Core_AppController(31209): [Android] L10N-Android[snapshot/ComponentCallbacks.onConfigurationChanged/+300ms] sysLocales=zh-CN,ast-ES appLocales=<empty> effLocales=zh-CN,ast-ES defaultLocales=zh-CN,ast-ES appOverrideActive=false
08-18 17:22:44.756 I/Core_AppController(31209): [Android] L10N-Android[ComponentCallbacks.onConfigurationChanged/+300ms] system=zh-CN(prev=zh-CN,chg=false) force=false emit=false
08-18 17:22:44.805 I/Core_AppController(31209): [Android] L10N-Android[snapshot/ComponentCallbacks.onConfigurationChanged/+300ms] sysLocales=zh-CN,ast-ES appLocales=<empty> effLocales=zh-CN,ast-ES defaultLocales=zh-CN,ast-ES appOverrideActive=false
08-18 17:22:44.805 I/Core_AppController(31209): [Android] L10N-Android[ComponentCallbacks.onConfigurationChanged/+300ms] system=zh-CN(prev=zh-CN,chg=false) force=false emit=false
08-18 17:22:44.852 I/Core_AppController(31209): [Android] L10N-Android[snapshot/Activity.onResumed/poll#1(+1000ms)] sysLocales=zh-CN,ast-ES appLocales=<empty> effLocales=zh-CN,ast-ES defaultLocales=zh-CN,ast-ES configLocales=zh-CN,ast-ES appOverrideActive=false
08-18 17:22:44.852 I/Core_AppController(31209): [Android] L10N-Android[Activity.onResumed/poll#1(+1000ms)] system=zh-CN(prev=zh-CN,chg=false) force=false emit=false
08-18 17:22:44.852 I/Core_AppController(31209): [Android] L10N-Android[Activity.onResumed/poll] no change after poll#1, stop
08-18 17:22:44.852 I/Core_AppController(31209): [Android] L10N-Android[reapply] reason=resume_poll_fallback signal=4 resumedCount=1 sourceActivity=PcEnginePluginHostActivity activeActivity=PcEnginePluginHostActivity
08-18 17:22:44.858 I/Core_AppController(31209): [Android] L10N-Android[apply] reason=resume_poll_fallback signal=4 context=PcEnginePluginHostActivity desired=zh-CN beforeEff=zh-CN,ast-ES beforeDefault=zh-CN,ast-ES afterEff=zh-CN afterDefault=zh-CN
08-18 17:22:44.957 I/Core_AppController(31209): [Android] L10N-Android[snapshot/ComponentCallbacks.onConfigurationChanged/+500ms] sysLocales=zh-CN,ast-ES appLocales=<empty> effLocales=zh-CN defaultLocales=zh-CN appOverrideActive=false
08-18 17:22:44.957 I/Core_AppController(31209): [Android] L10N-Android[ComponentCallbacks.onConfigurationChanged/+500ms] system=zh-CN(prev=zh-CN,chg=false) force=false emit=false
08-18 17:22:45.005 I/Core_AppController(31209): [Android] L10N-Android[snapshot/ComponentCallbacks.onConfigurationChanged/+500ms] sysLocales=zh-CN,ast-ES appLocales=<empty> effLocales=zh-CN defaultLocales=zh-CN appOverrideActive=false
08-18 17:22:45.005 I/Core_AppController(31209): [Android] L10N-Android[ComponentCallbacks.onConfigurationChanged/+500ms] system=zh-CN(prev=zh-CN,chg=false) force=false emit=false
08-18 17:22:45.054 I/WinEmuModule(31209): [Android] ensureGlobalSteamComponents append SteamAgent2-1.1.3 to setup manifest
08-18 17:22:45.054 I/WinEmuModule(31209): [Android] ensureGlobalSteamComponents append goldberg-1.2 to setup manifest
08-18 17:22:45.054 I/SetupLogger(31209): [Android]   → 配置文件下载完成，总大小=0
08-18 17:22:45.054 I/SetupLogger(31209): [Android]   → 生成资源版本清单，traceId=debdb546-6b20-4d20-a1e9-a4314ffc4e5c, count=5
08-18 17:22:45.054 I/SetupLogger(31209): [Android] ✓ 完成任务: Download Game Config (耗时: 1136ms)
08-18 17:22:45.056 I/SetupLogger(31209): [Android] ═══════ 第一阶段 完成 (耗时: 0ms) ═══════
08-18 17:22:45.057 I/SetupLogger(31209): [Android] ═══════ 第二阶段：安装组件 ═══════
08-18 17:22:45.057 I/SetupLogger(31209): [Android] ▶ 开始任务: Set Game Recommended Config
08-18 17:22:45.057 I/SetupLogger(31209): [Android]   ⏳ [Set Game Recommended Config] 50% - 正在应用推荐游戏设置…
08-18 17:22:45.059 I/comCpt  (31209): [Android] 有应用fex，但非用户设置，设置fex
08-18 17:22:45.062 I/comCpt  (31209): [Android] 有应用box，但非用户设置，设置box
08-18 17:22:45.074 I/WinEmuModule(31209): [Android] SetGameRecommConfigTask imagefs fromConfig=1.5.0, globalSelected=1.5.0
08-18 17:22:45.075 I/SetupLogger(31209): [Android]   ⏳ [Set Game Recommended Config] 100% - 已应用游戏设置
08-18 17:22:45.076 I/SetupLogger(31209): [Android] ✓ 完成任务: Set Game Recommended Config (耗时: 18ms)
08-18 17:22:45.076 I/SetupLogger(31209): [Android] ▶ 开始任务: Install ImageFs
08-18 17:22:45.076 I/SetupLogger(31209): [Android]   → 开始安装固件: Firmware, version=1.5.0
08-18 17:22:45.076 I/WinEmuModule(31209): [Android] installImageFsSuspend start name=Firmware
08-18 17:22:45.077 I/WinEmuModule(31209): [Android] installImageFsSuspend result name=Firmware success=true costMs=0
08-18 17:22:45.077 I/SetupLogger(31209): [Android]   ⏳ [Install ImageFs] 100% - 正在安装固件-100%
08-18 17:22:45.077 I/SetupLogger(31209): [Android]   → 固件安装完成: Firmware, version=1.5.0
08-18 17:22:45.077 I/SetupLogger(31209): [Android] ✓ 完成任务: Install ImageFs (耗时: 1ms)
08-18 17:22:45.077 I/SetupLogger(31209): [Android] ▶ 开始任务: Install Container & Check Virtual Container
08-18 17:22:45.077 I/SetupLogger(31209): [Android]   ⏳ [Install Container & Check Virtual Container] 10% - 正在检查环境和固件…
08-18 17:22:45.077 I/SetupLogger(31209): [Android]   → 容器已安装，直接使用: CONTAINER:proton11.0-arm64x@1.0.9
08-18 17:22:45.077 I/SetupLogger(31209): [Android]   ⏳ [Install Container & Check Virtual Container] 50% - 正在检查环境和固件…
08-18 17:22:45.077 I/SetupLogger(31209): [Android]   → [installWineAndContainer] 开始, containerName=proton11.0-arm64x
08-18 17:22:45.077 I/SetupLogger(31209): [Android]   → [installWineAndContainer] isAlreadyInstalled=true
08-18 17:22:45.077 I/SetupLogger(31209): [Android]   → 容器准备完成: CONTAINER:proton11.0-arm64x@1.0.9, winePath=/data/user/0/com.xiaoji.egggame/files/usr/opt/wine_proton11.0-arm64x
08-18 17:22:45.078 I/SetupLogger(31209): [Android]   ⏳ [Install Container & Check Virtual Container] 80% - 正在检查虚拟容器…
08-18 17:22:45.078 I/SetupLogger(31209): [Android]   → 开始检查虚拟容器，gameId=10496
08-18 17:22:45.078 I/SetupLogger(31209): [Android]   → [checkVirtualContainerWithProgress] 开始检查虚拟容器，gameId=10496
08-18 17:22:45.079 I/SetupLogger(31209): [Android]   → [checkVirtualContainerWithProgress] 虚拟容器检查成功
08-18 17:22:45.080 E/SetupLogger(31209): [Android]   ✗ [checkVirtualContainerWithProgress] 虚拟容器进度模拟异常: nuo was cancelled
08-18 17:22:45.080 I/SetupLogger(31209): [Android]   → 虚拟容器检查完成
08-18 17:22:45.080 I/SetupLogger(31209): [Android] ✓ 完成任务: Install Container & Check Virtual Container (耗时: 3ms)
08-18 17:22:45.080 I/SetupLogger(31209): [Android] ▶ 开始任务: Install Components
08-18 17:22:45.080 I/SetupLogger(31209): [Android]   → 开始安装组件，shouldSetupSteam=false, canUseSteam=false, sourceType=, importedSteam=false
08-18 17:22:45.080 I/SetupLogger(31209): [Android]   ⏳ [Install Components] 0% - 正在安装组件…
08-18 17:22:45.081 I/SetupLogger(31209): [Android]   → 开始安装通用组件，共1个
08-18 17:22:45.082 I/SetupLogger(31209): [Android]   ⏳ [Install Components] 50% - 安装 base 组件
08-18 17:22:45.082 I/WinEmuModule(31209): [Android] checkAndDownload - 检查COMPONENT:base@1.0.1组件下载状态: true
08-18 17:22:45.082 I/SetupLogger(31209): [Android]   → 所有组件安装完成
08-18 17:22:45.082 I/SetupLogger(31209): [Android] ✓ 完成任务: Install Components (耗时: 2ms)
08-18 17:22:45.082 I/SetupLogger(31209): [Android] ▶ 开始任务: Install Dependencies
08-18 17:22:45.082 I/SetupLogger(31209): [Android]   → executeInternal
08-18 17:22:45.083 I/SetupLogger(31209): [Android]   → 无需安装依赖组件
08-18 17:22:45.083 I/SetupLogger(31209): [Android] ✓ 完成任务: Install Dependencies (耗时: 1ms)
08-18 17:22:45.083 I/SetupLogger(31209): [Android] ═══════ 第二阶段 完成 (耗时: 0ms) ═══════
08-18 17:22:45.083 I/SetupLogger(31209): [Android]   → 总执行时间: 1188ms (1秒)
08-18 17:22:45.083 I/WinEmuModule(31209): [Android] WineActivity setupResult received=Success(message=正在启动游戏…)
08-18 17:22:45.093 I/WinEmuModule(31209): [Android] setupEnvironmentAndLocale gameId=10496 languageIndex=0 effectiveLanguage=ChineseSimplified locale=zh_CN.UTF-8
08-18 17:22:45.120 I/WinEmuModule(31209): [Android] preserve existing language snapshot=zh-CN gameId=10496
08-18 17:22:45.121 W/SteamAccountIdentityStore(31209): [Android] Failed to load Rust Steam saved accounts for current account: Steam bridge is unavailable in process=com.xiaoji.egggame:pcengine command=auth.bootstrap_snapshot
08-18 17:22:45.121 W/SteamAccountIdentityStore(31209): xjp.c18: Steam bridge is unavailable in process=com.xiaoji.egggame:pcengine command=auth.bootstrap_snapshot
08-18 17:22:45.121 W/SteamAccountIdentityStore(31209): 	at xjp.if7.b(r8-map-id-14fe18d94aebbb6e83d50306d49aa492eb6ed6456c2a8bbbd0084f85e0ba04fd:149)
08-18 17:22:45.121 W/SteamAccountIdentityStore(31209): 	at xjp.if7.c(r8-map-id-14fe18d94aebbb6e83d50306d49aa492eb6ed6456c2a8bbbd0084f85e0ba04fd:99)
08-18 17:22:45.121 W/SteamAccountIdentityStore(31209): 	at xjp.yl0.f(r8-map-id-14fe18d94aebbb6e83d50306d49aa492eb6ed6456c2a8bbbd0084f85e0ba04fd:125)
08-18 17:22:45.121 W/SteamAccountIdentityStore(31209): 	at xjp.wa7.d(r8-map-id-14fe18d94aebbb6e83d50306d49aa492eb6ed6456c2a8bbbd0084f85e0ba04fd:154)
08-18 17:22:45.121 W/SteamAccountIdentityStore(31209): 	at xjp.wa7.c(r8-map-id-14fe18d94aebbb6e83d50306d49aa492eb6ed6456c2a8bbbd0084f85e0ba04fd:69)
08-18 17:22:45.121 W/SteamAccountIdentityStore(31209): 	at xjp.cb7.c(r8-map-id-14fe18d94aebbb6e83d50306d49aa492eb6ed6456c2a8bbbd0084f85e0ba04fd:75)
08-18 17:22:45.121 W/SteamAccountIdentityStore(31209): 	at xjp.b9a.g(r8-map-id-14fe18d94aebbb6e83d50306d49aa492eb6ed6456c2a8bbbd0084f85e0ba04fd:285)
08-18 17:22:45.121 W/SteamAccountIdentityStore(31209): 	at xjp.b9a.m(r8-map-id-14fe18d94aebbb6e83d50306d49aa492eb6ed6456c2a8bbbd0084f85e0ba04fd:758)
08-18 17:22:45.121 W/SteamAccountIdentityStore(31209): 	at xjp.w8a.invokeSuspend(r8-map-id-14fe18d94aebbb6e83d50306d49aa492eb6ed6456c2a8bbbd0084f85e0ba04fd:13)
08-18 17:22:45.121 W/SteamAccountIdentityStore(31209): 	at kotlin.coroutines.jvm.internal.BaseContinuationImpl.resumeWith(r8-map-id-7c7dd3a9031f697fa5593675b658cb28297b62bba3e40a74503c941f794d29a4:8)
08-18 17:22:45.121 W/SteamAccountIdentityStore(31209): 	at kotlinx.coroutines.e.run(r8-map-id-7c7dd3a9031f697fa5593675b658cb28297b62bba3e40a74503c941f794d29a4:125)
08-18 17:22:45.121 W/SteamAccountIdentityStore(31209): 	at android.os.Handler.handleCallback(Handler.java:959)
08-18 17:22:45.121 W/SteamAccountIdentityStore(31209): 	at android.os.Handler.dispatchMessage(Handler.java:100)
08-18 17:22:45.121 W/SteamAccountIdentityStore(31209): 	at android.os.Looper.loopOnce(Looper.java:266)
08-18 17:22:45.121 W/SteamAccountIdentityStore(31209): 	at android.os.Looper.loop(Looper.java:376)
08-18 17:22:45.121 W/SteamAccountIdentityStore(31209): 	at android.app.ActivityThread.main(ActivityThread.java:10023)
08-18 17:22:45.121 W/SteamAccountIdentityStore(31209): 	at java.lang.reflect.Method.invoke(Native Method)
08-18 17:22:45.121 W/SteamAccountIdentityStore(31209): 	at com.android.internal.os.RuntimeInit$MethodAndArgsCaller.run(RuntimeInit.java:580)
08-18 17:22:45.121 W/SteamAccountIdentityStore(31209): 	at com.android.internal.os.ZygoteInit.main(ZygoteInit.java:892)
08-18 17:22:45.124 I/WinEmuModule(31209): [Android] Launch log saved to /data/user/0/com.xiaoji.egggame/files/pcLaunchLog/launchLog10496.txt
08-18 17:22:45.124 I/WinEmuModule(31209): [Android] WINEMU_LAUNCH_CONFIG_BEGIN
08-18 17:22:45.124 I/WinEmuModule(31209): snapshotPoint = immediately_before_getLaunchContainerIntent
08-18 17:22:45.124 I/WinEmuModule(31209): launchContextClass = com.xiaoji.egggame.plugin.pcengine.host.PcEnginePluginHostActivity
08-18 17:22:45.124 I/WinEmuModule(31209): activityTargetClass = com.xiaoji.egggame.plugin.pcengine.host.PcEnginePluginHostActivity
08-18 17:22:45.124 I/WinEmuModule(31209): baseContainer.containerPath = /data/user/0/com.xiaoji.egggame/files/usr/home/containers/1
08-18 17:22:45.124 I/WinEmuModule(31209): baseContainer.winePath = /data/user/0/com.xiaoji.egggame/files/usr/opt/wine_proton11.0-arm64x
08-18 17:22:45.124 I/WinEmuModule(31209): baseContainer.name = proton11.0-arm64x
08-18 17:22:45.124 I/WinEmuModule(31209): baseContainer.tag = proton11.0-arm64x
08-18 17:22:45.124 I/WinEmuModule(31209): config.runMode = DirectLaunch
08-18 17:22:45.124 I/WinEmuModule(31209): config.disableWM = false
08-18 17:22:45.124 I/WinEmuModule(31209): config.exePath = /storage/emulated/0/Download/QQ/NeonAbyss/NeonAbyss/NeonAbyss.exe
08-18 17:22:45.124 I/WinEmuModule(31209): config.workingDir = /storage/emulated/0/Download/QQ/NeonAbyss/NeonAbyss
08-18 17:22:45.124 I/WinEmuModule(31209): config.steamAppId = -1
08-18 17:22:45.124 I/WinEmuModule(31209): config.virtualContainer = /data/user/0/com.xiaoji.egggame/files/usr/home/virtual_containers/10496
08-18 17:22:45.124 I/WinEmuModule(31209): config.gameRootDir = 
08-18 17:22:45.124 I/WinEmuModule(31209): config.modsRootDir = 
08-18 17:22:45.124 I/WinEmuModule(31209): config.gameModsGameRootType = Unspecified
08-18 17:22:45.124 I/WinEmuModule(31209): config.launchArguments = []
08-18 17:22:45.124 I/WinEmuModule(31209): config.launchCommandLine = 
08-18 17:22:45.124 I/WinEmuModule(31209): config.winedebugParams = 
08-18 17:22:45.124 I/WinEmuModule(31209): config.localeCode = zh_CN.UTF-8
08-18 17:22:45.124 I/WinEmuModule(31209): config.resolution = 1280x720
08-18 17:22:45.124 I/WinEmuModule(31209): config.box64Config = Box64Config(box64Path=, dynarec=1, safeFlags=1, fastNan=1, fastRound=1, x87Double=0, bigBlock=1, strongMem=0, forward=1024, callret=1, wait=0, alignedAtomics=0, weakBarrier=1, pause=0, df=1, dirty=0, nativeFlags=1, volatileMetadata=1, div0=0, dynaCache=2, dynaCacheFolder=, dynaCacheMin=350, mmap32=1, rdtsc1Ghz=0, cpuType=0, box64Avx=0, ignoreInt3=0, unity=1, cpuName=GameFusion CPU)
08-18 17:22:45.124 I/WinEmuModule(31209): config.fexConfig = FEXConfig(fexPath=/data/user/0/com.xiaoji.egggame/files/usr/home/components/Fex_20260509, multiblock=true, maxInst=5000, hostFeatures=off, smallTSCScale=true, tsoEnabled=true, vectorTSOEnabled=false, memcpySetTSOEnabled=false, halfBarrierTSOEnabled=false, volatileMetadata=true, hideHypervisorBit=false, x87ReducedPrecision=true, monoHacks=true, silentLog=true, outputLog=stdout, smcChecks=1, forceSVEWidth=0, profileStats=false)
08-18 17:22:45.124 I/WinEmuModule(31209): config.gpuDriver = GPUDriver(isCustomDriver=true, customPath=/data/user/0/com.xiaoji.egggame/files/usr/home/components/turnip_v26.1.0_R4/libvulkan_freedreno.so)
08-18 17:22:45.124 I/WinEmuModule(31209): config.gpuConfig = null
08-18 17:22:45.124 I/WinEmuModule(31209): config.audioDriver = Pulse
08-18 17:22:45.124 I/WinEmuModule(31209): config.inGameHud = NONE
08-18 17:22:45.124 I/WinEmuModule(31209): config.disableReshade = false
08-18 17:22:45.124 I/WinEmuModule(31209): config.enableRDCDebug = false
08-18 17:22:45.124 I/WinEmuModule(31209): config.hostCoreMask = null
08-18 17:22:45.124 I/WinEmuModule(31209): config.hostCoreLimit = 0
08-18 17:22:45.124 I/WinEmuModule(31209): config.envVars = 
08-18 17:22:45.124 I/WinEmuModule(31209): config.gpuMemoryLimitInMB = 0
08-18 17:22:45.124 I/WinEmuModule(31209): config.sysMemoryLimitInMB = 0
08-18 17:22:45.124 I/WinEmuModule(31209): config.logPath = 
08-18 17:22:45.124 I/WinEmuModule(31209): config.enableLogHttpServer = false
08-18 17:22:45.124 I/WinEmuModule(31209): config.enableOnScreenKeyboard = true
08-18 17:22:45.124 I/WinEmuModule(31209): config.enableWinMonitor = true
08-18 17:22:45.124 I/WinEmuModule(31209): config.enableESync = true
08-18 17:22:45.124 I/WinEmuModule(31209): config.debugMode = false
08-18 17:22:45.124 I/WinEmuModule(31209): config.enableMangoHUD = false
08-18 17:22:45.124 I/WinEmuModule(31209): config.bypassAVDecode = false
08-18 17:22:45.124 I/WinEmuModule(31209): config.dllOverrides = {dinput=PreferNative, dinput8=PreferNative}
08-18 17:22:45.124 I/WinEmuModule(31209): config.steamGameInfo = null
08-18 17:22:45.124 I/WinEmuModule(31209): wineData.gameId = 10496
08-18 17:22:45.124 I/WinEmuModule(31209): wineData.sourceGameId = 
08-18 17:22:45.124 I/WinEmuModule(31209): wineData.sourceType = 
08-18 17:22:45.124 I/WinEmuModule(31209): wineData.isLocalGame = true
08-18 17:22:45.124 I/WinEmuModule(31209): wineData.isLaunchDesktop = false
08-18 17:22:45.124 I/WinEmuModule(31209): wineData.launchWorkingDir = /storage/emulated/0/Download/QQ/NeonAbyss/NeonAbyss
08-18 17:22:45.124 I/WinEmuModule(31209): wineData.launchBaseArgs = []
08-18 17:22:45.124 I/WinEmuModule(31209): wineData.launchEnvironment = {}
08-18 17:22:45.124 I/WinEmuModule(31209): resolvedWine.isArm64X = true
08-18 17:22:45.124 I/WinEmuModule(31209): resolvedDxvk = dxvk-2.3.1-async /data/user/0/com.xiaoji.egggame/files/usr/home/components/dxvk-2.3.1-async
08-18 17:22:45.124 I/WinEmuModule(31209): resolvedVkd3d = vkd3d-2.12 /data/user/0/com.xiaoji.egggame/files/usr/home/components/vkd3d-2.12
08-18 17:22:45.124 I/WinEmuModule(31209): resolvedCpuTranslator = FEXTranslatorConfig(id=game_recommend_id, name=游戏预设, _isUserApply=false, fexPath=, multiblock=true, maxInst=5000, hostFeatures=off, smallTSCScale=true, tsoEnabled=true, vectorTSOEnabled=false, memcpySetTSOEnabled=false, halfBarrierTSOEnabled=false, volatileMetadata=true, hideHypervisorBit=false, x87ReducedPrecision=true, monoHacks=true, silentLog=true, smcChecks=mtrack, forceSVEWidth=0, profileStats=false, userChangeSettingMap=null)
08-18 17:22:45.124 I/WinEmuModule(31209): WINEMU_LAUNCH_CONFIG_END
08-18 17:22:45.124 I/WinEmuModule(31209): 
08-18 17:22:45.124 I/WinEmuModule(31209): PC模拟器启动参数（兼容旧日志）:——————————————————————————
08-18 17:22:45.124 I/WinEmuModule(31209): 语言 = zh_CN.UTF-8
08-18 17:22:45.124 I/WinEmuModule(31209): 启动路径 = /storage/emulated/0/Download/QQ/NeonAbyss/NeonAbyss/NeonAbyss.exe
08-18 17:22:45.124 I/WinEmuModule(31209): gameId = 10496
08-18 17:22:45.124 I/WinEmuModule(31209): SteamId = -1
08-18 17:22:45.124 I/WinEmuModule(31209): GPU驱动 = true - /data/user/0/com.xiaoji.egggame/files/usr/home/components/turnip_v26.1.0_R4/libvulkan_freedreno.so
08-18 17:22:45.124 I/WinEmuModule(31209): GPU伪装 = 
08-18 17:22:45.124 I/WinEmuModule(31209): 基础容器路径 = /data/user/0/com.xiaoji.egggame/files/usr/opt/wine_proton11.0-arm64x
08-18 17:22:45.124 I/WinEmuModule(31209): 启动参数 = 
08-18 17:22:45.124 I/WinEmuModule(31209): 启动工作目录 = /storage/emulated/0/Download/QQ/NeonAbyss/NeonAbyss
08-18 17:22:45.124 I/WinEmuModule(31209): 基础启动参数 = []
08-18 17:22:45.124 I/WinEmuModule(31209): 启动方式 = DirectLaunch
08-18 17:22:45.124 I/WinEmuModule(31209): 环境变量 = 
08-18 17:22:45.124 I/WinEmuModule(31209): 基础环境变量 = {}
08-18 17:22:45.124 I/WinEmuModule(31209): isArm64X = true
08-18 17:22:45.124 I/WinEmuModule(31209): HubType = NONE
08-18 17:22:45.124 I/WinEmuModule(31209): Dxvk路径 = dxvk-2.3.1-async /data/user/0/com.xiaoji.egggame/files/usr/home/components/dxvk-2.3.1-async
08-18 17:22:45.124 I/WinEmuModule(31209): vkD3D路径 = vkd3d-2.12 /data/user/0/com.xiaoji.egggame/files/usr/home/components/vkd3d-2.12
08-18 17:22:45.124 I/WinEmuModule(31209): box64转译器路径 = 
08-18 17:22:45.124 I/WinEmuModule(31209): fex转译器路径 = /data/user/0/com.xiaoji.egggame/files/usr/home/components/Fex_20260509
08-18 17:22:45.124 I/WinEmuModule(31209): audioDriver = Pulse
08-18 17:22:45.124 I/WinEmuModule(31209): offlineMode = null
08-18 17:22:45.124 I/WinEmuModule(31209): silentMode = null
08-18 17:22:45.124 I/WinEmuModule(31209): noVerifyFile = null
08-18 17:22:45.124 I/WinEmuModule(31209): cloudEnable = null
08-18 17:22:45.124 I/WinEmuModule(31209): 分辨率 = 1280 - 720
08-18 17:22:45.124 I/WinEmuModule(31209): steam客户端 = fake=null - steamD=null
08-18 17:22:45.124 I/WinEmuModule(31209): steam用户信息 = <none>, accountId=0
08-18 17:22:45.124 I/WinEmuModule(31209): steamAgent = null
08-18 17:22:45.124 I/WinEmuModule(31209): steamAgent加速 = appcacheRoot=null, skipAppInfoRefresh=null, cmListPath=null, cmDatacenter=null, cmAccel=null
08-18 17:22:45.124 I/WinEmuModule(31209): steam游戏信息 = null, libraryDir=null, gameDir=null
08-18 17:22:45.124 I/WinEmuModule(31209): installScript = null
08-18 17:22:45.124 I/WinEmuModule(31209): launchOption = null
08-18 17:22:45.124 I/WinEmuModule(31209): enableOnScreenKeyboard = true
08-18 17:22:45.124 I/WinEmuModule(31209): cpuTranslatorConfig = FEXTranslatorConfig(id=game_recommend_id, name=游戏预设, _isUserApply=false, fexPath=, multiblock=true, maxInst=5000, hostFeatures=off, smallTSCScale=true, tsoEnabled=true, vectorTSOEnabled=false, memcpySetTSOEnabled=false, halfBarrierTSOEnabled=false, volatileMetadata=true, hideHypervisorBit=false, x87ReducedPrecision=true, monoHacks=true, silentLog=true, smcChecks=mtrack, forceSVEWidth=0, profileStats=false, userChangeSettingMap=null)
08-18 17:22:45.124 I/WinEmuModule(31209): virtualContainer = /data/user/0/com.xiaoji.egggame/files/usr/home/virtual_containers/10496
08-18 17:22:45.124 I/WinEmuModule(31209): ——————————————————————————————————————
08-18 17:22:45.124 I/WinEmuModule(31209): 
08-18 17:22:45.125 I/RefreshRateHelper(31209): [Android] setHighestRefreshRate: target=120.00001Hz modeId=2, current=90.0Hz
08-18 17:22:45.126 I/WinEmuModule(31209): [Android] Guest gamepad exposure policy: defer=false, reason=default, gameId=10496, steamAppId=null
08-18 17:22:45.126 I/WinEmuModule(31209): [Android] [EngineTrace][39c73ce][114013974] initialize() begin state=xjp.sb2@bb321ad, isInitialized=false, isBooted=false, deferGamepadExposure=false
08-18 17:22:45.127 D/EmuWindowContext(31209): Init container: /data/user/0/com.xiaoji.egggame/files/usr/home/containers/1, runMode: DirectLaunch, dependencyInstaller=false, dependencySession=false
08-18 17:22:45.130 D/gamepad (31209): Initializing GamepadManager
08-18 17:22:45.131 I/winemu  (31209): GamepadServer started on /data/user/0/com.xiaoji.egggame/files/usr/.gamepad.sock
08-18 17:22:45.131 D/gamepad (31209): GamepadManager initialized successfully
08-18 17:22:45.131 D/gamepad (31209): Starting device monitoring
08-18 17:22:45.132 D/TrafficStats(31209): tagSocket(204) with statsTag=0xffffffff, statsUid=-1
08-18 17:22:45.132 D/TrafficStats(31209): tagSocket(204) with statsTag=0xffffffff, statsUid=-1
08-18 17:22:45.133 D/TrafficStats(31209): tagSocket(206) with statsTag=0xffffffff, statsUid=-1
08-18 17:22:45.133 D/TrafficStats(31209): tagSocket(206) with statsTag=0xffffffff, statsUid=-1
08-18 17:22:45.133 I/TabTipServer(31209): TabTip server started on port 47574
08-18 17:22:45.133 I/TabTipServer(31209): Server loop started, listening for messages...
08-18 17:22:45.133 I/WinEmuModule(31209): [Android] [EngineTrace][39c73ce][114013980] initialize() <- bridge.init() done, isDependencyInstaller=false, deferGamepadExposure=false, waitForSteamAppLaunch=false
08-18 17:22:45.133 I/WinEmuModule(31209): [Android] [VMTrace][114013981] applyEngineInitialized, isDependencyInstaller=false, isSteamClientLaunch=false, isFakeSteamClient=false, runMode=DirectLaunch, virtualContainer=/data/user/0/com.xiaoji.egggame/files/usr/home/virtual_containers/10496
08-18 17:22:45.133 I/WinEmuModule(31209): [Android] [GamepadPipeline] session=31209-1vvsfx seq=1 uptime=114013981 source=session kind=lifecycle state=started gameId=10496 managerPresent=true slots=empty
08-18 17:22:45.135 I/WinEmuModule(31209): [Android] ShoulderKey config updated: enabled=false, left=None, right=None
08-18 17:22:45.135 I/WinEmuModule(31209): [Android] 切换红魔性能模式 均衡 - null
08-18 17:22:45.135 I/WinEmuModule(31209): [Android] DevicePerformanceReporter bootstrap start summaryOnly=true legacyUpload=false
08-18 17:22:45.135 I/WinEmuModule(31209): [Android] [WinLaunchTrace][f82503bb-9fd6-413b-899a-7e4d0527ec77][114013983] init() data loaded gameId=10496, steamAppId=null, canUseSteamClient=false
08-18 17:22:45.135 I/WinEmuModule(31209): [Android] DevicePerformanceReporter bootstrap summary finish uploadedBatches=0 sessionIds=[]
08-18 17:22:45.136 I/WinEmuModule(31209): [Android] getKeyControlsAlpha -> 1.0
08-18 17:22:45.136 I/WinEmuModule(31209): [Android] [WinLaunchTrace][f82503bb-9fd6-413b-899a-7e4d0527ec77][114013983] init() -> observeEngineEvents()
08-18 17:22:45.136 I/WinEmuModule(31209): [Android] [WinLaunchTrace][f82503bb-9fd6-413b-899a-7e4d0527ec77][114013983] observeEngineEvents() subscribe begin
08-18 17:22:45.136 I/WinEmuModule(31209): [Android] [VMTrace][114013984] EngineStateChanged state=xjp.tb2@ffa0531, isSteamGame=false, isSteamClientLaunch=false, isFakeSteamClient=false, steamStatusEvent=, isDependencyInstaller=false
08-18 17:22:45.136 I/WinEmuModule(31209): [Android] [WinLaunchTrace][f82503bb-9fd6-413b-899a-7e4d0527ec77][114013984] observeEngineEvents() using EngineEventObserver
08-18 17:22:45.136 I/WinEmuModule(31209): [Android] [WinLaunchTrace][f82503bb-9fd6-413b-899a-7e4d0527ec77][114013984] init() host.activity.setContent done
08-18 17:22:45.136 I/WinEmuModule(31209): [Android] [WinLaunchTrace][f82503bb-9fd6-413b-899a-7e4d0527ec77][114013984] init() coroutine -> startGameSession()
08-18 17:22:45.136 I/WinEmuModule(31209): [Android] [WinLaunchTrace][f82503bb-9fd6-413b-899a-7e4d0527ec77][114013984] startGameSession#1 begin gameId=10496, steamAppId=null
08-18 17:22:45.146 W/gggame:pcengine(31209): type=1400 audit(0.0:384463): avc:  denied  { read } for  name="u:object_r:vendor_display_prop:s0" dev="tmpfs" ino=454 scontext=u:r:untrusted_app:s0:c246,c258,c512,c768 tcontext=u:object_r:vendor_display_prop:s0 tclass=file permissive=0
08-18 17:22:45.151 W/libc    (31209): Access denied finding property "vendor.display.enable_optimal_refresh_rate"
08-18 17:22:45.154 W/gggame:pcengine(31209): Missing inline cache for void xjp.zba.x(kotlin.jvm.functions.Function1)
08-18 17:22:45.154 I/WinEmuModule(31209): [Android] [VMTrace][114014002] UiReady, isLoadingVisible=true, pendingGameLoadComplete=false
08-18 17:22:45.155 I/Core_Focus(31209): [Android] [WineExitDialog] visible=false drawer=false sidebar=false
08-18 17:22:45.155 I/WinEmuModule(31209): [Android] VJoy overlay gate: show=false, enabled=true, gameId=10496, loadingVisible=true, loadingOverlay=true, hasVirtualInputDelegate=false, hasUserIdOverride=true
08-18 17:22:45.156 D/InputMethodManager(31209): onViewFocusChangedInternal, view=xjp.qla{dbe6580 VFE...... .F...... 248,0-2232,1116},focus=true,windowFocus=true,window=android.view.ViewRootImpl$W@f3a289c,displayId=0,temporaryDetach=false,hasImeFocus=true callers:android.view.inputmethod.InputMethodManager.-$$Nest$monViewFocusChangedInternal:0 android.view.inputmethod.InputMethodManager$DelegateImpl.onViewFocusChanged:986 android.view.ImeFocusController.onViewFocusChanged:123 android.view.View.notifyFocusChangeToImeFocusController:8912 android.view.View.onFocusChanged:8874 android.view.SurfaceView.onFocusChanged:2186 android.view.View.handleFocusGainInternal:8544 android.view.View.requestFocusNoSearch:15402 android.view.View.requestFocus:15376 android.view.View.requestFocus:15343 android.view.View.requestFocus:15285 xjp.saa.invoke:606 xjp.qt.invokeSuspend:442 kotlin.coroutines.jvm.internal.BaseContinuationImpl.resumeWith:8 kotlinx.coroutines.e.run:125 d60.R:24 c60.run:3 android.os.Handler.handleCallback:959 android.os.Handler.dispatchMessage:100 android.os.Looper.loopOnce:266 android.os.Looper.loop:376 android.app.ActivityThread.main:10023 java.lang.reflect.Method.invoke:-2 com.android.internal.os.RuntimeInit$MethodAndArgsCaller.run:580 com.android.internal.os.ZygoteInit.main:892 <bottom of call stack> <bottom of call stack> <bottom of call stack> <bottom of call stack> <bottom of call stack> 
08-18 17:22:45.158 D/InputMethodManager(31209): checkFocus: view=com.android.internal.policy.DecorView{d271e39 V.E...... R....... 0,0-2480,1116 aid=1}[PcEnginePluginHostActivity] next=xjp.qla{dbe6580 VFE...... .F...... 248,0-2232,1116} force=false package=com.xiaoji.egggame
08-18 17:22:45.158 D/InputMethodManager(31209): Starting input: editorInfo=android.view.inputmethod.EditorInfo@d43fe3b ic=xjp.a7a@a0b6958
08-18 17:22:45.160 I/WinEmuModule(31209): [Android] ensureVJoyLayoutApplied: keep existing binding gameId=10496 layoutId=3
08-18 17:22:45.173 I/WinEmuModule(31209): [Android] [WinLaunchTrace][f82503bb-9fd6-413b-899a-7e4d0527ec77][114014021] startGameSession#1 X11 display ready after 36ms, snapshot=X11DisplayReadinessSnapshot(viewAttached=true, hasSurface=true, surfaceValid=true, holderSurfaceValid=true, snapshotUsesHolderSurface=true, surfaceWidth=1984, surfaceHeight=1116, viewWidth=1984, viewHeight=1116, bufferWidth=1280, bufferHeight=720, screenWidth=1280, screenHeight=720, viewScreenWidth=1280, viewScreenHeight=720, expectedScreenWidth=1280, expectedScreenHeight=720)
08-18 17:22:45.173 I/WinEmuModule(31209): [Android] [EngineTrace][39c73ce][114014021] startGame#1 begin, isInitialized=true, bridgeNull=false, isBooted=false, gameId=10496, steamAppId=null
08-18 17:22:45.177 I/WinEmuModule(31209): [Android] [EngineTrace][39c73ce][114014024] startGame#1 cloud owner=DISABLED gameId=10496, steamAppId=null
08-18 17:22:45.177 I/WinEmuModule(31209): [Android] [EngineTrace][39c73ce][114014025] registerPerfListenerIfNeeded() register
08-18 17:22:45.177 I/WinEmuModule(31209): [Android] [EngineTrace][39c73ce][114014025] applyPendingKeyboardCallbackIfNeeded() apply
08-18 17:22:45.178 D/gamepad (31209): Enabling virtual gamepad
08-18 17:22:45.178 D/gamepad (31209): Created virtual gamepad device
08-18 17:22:45.178 D/gamepad (31209): Device connected: Virtual Gamepad
08-18 17:22:45.178 D/gamepad (31209): Virtual gamepad assigned to slot 0
08-18 17:22:45.178 D/gamepad (31209): Device assigned to slot 0
08-18 17:22:45.178 D/EmuWindowContext(31209): Gamepad connected: Virtual Gamepad
08-18 17:22:45.178 I/WinEmuModule(31209): [Android] onDeviceConnected -> GamepadConnectionEvent(device=Virtual(deviceId=100000, name=Virtual Gamepad, isConnected=true, isDisabled=false, context=com.xiaoji.egggame.plugin.pcengine.host.PcEnginePluginHostActivity@1d73093))
08-18 17:22:45.178 W/DefaultDispatch(31209): type=1400 audit(0.0:384464): avc:  denied  { getattr } for  path="/proc/locks" dev="proc" ino=4026532006 scontext=u:r:untrusted_app:s0:c246,c258,c512,c768 tcontext=u:object_r:proc_locks:s0 tclass=file permissive=0
08-18 17:22:45.182 I/WinEmuModule(31209): [Android] [GamepadPipeline] session=31209-1vvsfx seq=2 uptime=114014030 source=device kind=lifecycle state=connected type=virtual deviceId=100000 slot=0 hasPhysical=false slots=0=[virtual#100000]
08-18 17:22:45.178 W/DefaultDispatch(31209): type=1400 audit(0.0:384465): avc:  denied  { getattr } for  path="/proc/uptime" dev="proc" ino=4026532015 scontext=u:r:untrusted_app:s0:c246,c258,c512,c768 tcontext=u:object_r:proc_uptime:s0 tclass=file permissive=0
08-18 17:22:45.182 I/WinEmuModule(31209): [Android] UIContainerManager showGamePadTips = Virtual(deviceId=100000, name=Virtual Gamepad, isConnected=true, descriptor=virtual_gamepad_100000, isDisabled=false, isEditing=false)
08-18 17:22:45.182 D/gamepad (31209): Virtual gamepad enabled successfully
08-18 17:22:45.182 I/WinEmuModule(31209): [Android] VirtualGamepadController create: success=true, slot=0
08-18 17:22:45.178 W/DefaultDispatch(31209): type=1400 audit(0.0:384466): avc:  denied  { getattr } for  path="/proc/cgroups" dev="proc" ino=4026531857 scontext=u:r:untrusted_app:s0:c246,c258,c512,c768 tcontext=u:object_r:proc_cgroups:s0 tclass=file permissive=0
08-18 17:22:45.178 W/DefaultDispatch(31209): type=1400 audit(0.0:384467): avc:  denied  { getattr } for  path="/proc/version" dev="proc" ino=4026532016 scontext=u:r:untrusted_app:s0:c246,c258,c512,c768 tcontext=u:object_r:proc_version:s0 tclass=file permissive=0
08-18 17:22:45.183 I/WinEmuModule(31209): [Android] [WinLaunchTrace][f82503bb-9fd6-413b-899a-7e4d0527ec77][114014030] startGameSession#1 done
08-18 17:22:45.183 I/WinEmuModule(31209): [Android] [WinLaunchTrace][f82503bb-9fd6-413b-899a-7e4d0527ec77][114014031] init() coroutine <- startGameSession() started=true
08-18 17:22:45.183 I/WinEmuModule(31209): [Android] [WinLaunchTrace][f82503bb-9fd6-413b-899a-7e4d0527ec77][114014031] init() -> setupUI()
08-18 17:22:45.189 I/WinEmuModule(31209): [Android] [WinLaunchTrace][f82503bb-9fd6-413b-899a-7e4d0527ec77][114014036] init() -> showLogServerInfoIfEnabled()
08-18 17:22:45.190 I/WinEmuModule(31209): [Android] [WinLaunchTrace][f82503bb-9fd6-413b-899a-7e4d0527ec77][114014038] init() -> onEmulatorInitComplete()
08-18 17:22:45.190 I/WinEmuModule(31209): [Android] [WinLaunchTrace][f82503bb-9fd6-413b-899a-7e4d0527ec77][114014038] init() onEmulatorInitComplete done
08-18 17:22:45.193 I/WinEmuModule(31209): [Android] ensureVJoyLayoutApplied: keep existing binding gameId=10496 layoutId=3
08-18 17:22:45.282 W/System  (31209): A resource failed to call close. 
08-18 17:22:45.585 D/EmbeddedFileManager(31209): Using cached file: tabtip.exe_v19508713
08-18 17:22:45.586 D/TrafficStats(31209): tagSocket(146) with statsTag=0xffffffff, statsUid=-1
08-18 17:22:45.586 I/SteamAgentServer(31209): SteamAgentServer started on port 40877
08-18 17:22:45.589 D/EmbeddedFileManager(31209): Using cached file: winmonitor.exe_v43158178
08-18 17:22:45.823 W/System  (31209): A resource failed to call close. 
08-18 17:22:45.970 I/AdrenoVK-0(31209): QUALCOMM build          : a6844907d4, Ie667bba6d9
08-18 17:22:45.970 I/AdrenoVK-0(31209): Build Date              : 12/10/24
08-18 17:22:45.970 I/AdrenoVK-0(31209): Shader Compiler Version : E031.41.03.58
08-18 17:22:45.970 I/AdrenoVK-0(31209): Local Branch            : 
08-18 17:22:45.970 I/AdrenoVK-0(31209): Remote Branch           : refs/tags/AU_LINUX_ANDROID_LA.VENDOR.13.2.0.11.00.00.855.856
08-18 17:22:45.970 I/AdrenoVK-0(31209): Remote Branch           : NONE
08-18 17:22:45.970 I/AdrenoVK-0(31209): Reconstruct Branch      : NOTHING
08-18 17:22:45.970 I/AdrenoVK-0(31209): Build Config            : S P 14.1.4 AArch64
08-18 17:22:45.970 I/AdrenoVK-0(31209): Driver Path             : /vendor/lib64/hw/vulkan.adreno.so
08-18 17:22:45.970 I/AdrenoVK-0(31209): Driver Version          : 0676.67
08-18 17:22:45.970 I/AdrenoVK-0(31209): PFP                     : 0x01740168
08-18 17:22:45.970 I/AdrenoVK-0(31209): ME                      : 0x00000000
08-18 17:22:45.970 I/AdrenoVK-0(31209): Application Name    : winemu-xserver
08-18 17:22:45.970 I/AdrenoVK-0(31209): Application Version : 0x00000001
08-18 17:22:45.970 I/AdrenoVK-0(31209): Engine Name         : x11vk-vk
08-18 17:22:45.970 I/AdrenoVK-0(31209): Engine Version      : 0x00000001
08-18 17:22:45.970 I/AdrenoVK-0(31209): Api Version         : 0x00401000
08-18 17:22:45.970 I/winemu-xserver(31209): phys device: Adreno (TM) 740 (api 1.3.128)
08-18 17:22:45.970 I/AdrenoVK-0(31209): Unknown struct with type 0x3b9ff250 provided to vkGetPhysicalDeviceFeatures2
08-18 17:22:45.970 I/AdrenoVK-0(31209): Unknown struct with type 0x3ba17508 provided to vkGetPhysicalDeviceFeatures2
08-18 17:22:45.970 I/AdrenoVK-0(31209): Unknown struct with type 0x3b9ff250 provided to vkGetPhysicalDeviceFeatures2
08-18 17:22:45.970 I/AdrenoVK-0(31209): Unknown struct with type 0x3ba17508 provided to vkGetPhysicalDeviceFeatures2
08-18 17:22:45.970 I/AdrenoVK-0(31209): Unknown struct with type 0x3b9ff250 provided to vkGetPhysicalDeviceFeatures2
08-18 17:22:45.970 I/AdrenoVK-0(31209): Unknown struct with type 0x3ba17508 provided to vkGetPhysicalDeviceFeatures2
08-18 17:22:45.970 I/AdrenoVK-0(31209): Unknown struct with type 0x3b9ff250 provided to vkGetPhysicalDeviceFeatures2
08-18 17:22:45.970 I/AdrenoVK-0(31209): Unknown struct with type 0x3ba17508 provided to vkGetPhysicalDeviceFeatures2
08-18 17:22:45.972 I/winemu-xserver(31209): vulkan renderer initialized
08-18 17:22:46.016 I/winemu-xserver(31209): start finished ready=1 running=1 stopping=0 elapsed=50ms
08-18 17:22:46.017 E/qdgralloc(31209): GetSize: Unrecognized pixel format: 0x3b
08-18 17:22:46.017 W/qdgralloc(31209): gralloc failed to allocate buffer for size 0 format 59 AWxAH 1x1 usage 2816
08-18 17:22:46.017 E/Gralloc4(31209): isSupported(1, 1, 59, 1, ...) failed with 7
08-18 17:22:46.017 E/GraphicBufferAllocator(31209): Failed to allocate (4 x 4) layerCount 1 format 59 usage b00: 7
08-18 17:22:46.017 E/AHardwareBuffer(31209): GraphicBuffer(w=4, h=4, lc=1) failed (Unknown error -7), handle=0x0
08-18 17:22:46.017 E/qdgralloc(31209): GetSize: Unrecognized pixel format: 0x3b
08-18 17:22:46.017 W/qdgralloc(31209): gralloc failed to allocate buffer for size 0 format 59 AWxAH 1x1 usage 2816
08-18 17:22:46.017 E/Gralloc4(31209): isSupported(1, 1, 59, 1, ...) failed with 7
08-18 17:22:46.018 E/GraphicBufferAllocator(31209): Failed to allocate (4 x 4) layerCount 1 format 59 usage b00: 7
08-18 17:22:46.018 E/AHardwareBuffer(31209): GraphicBuffer(w=4, h=4, lc=1) failed (Unknown error -7), handle=0x0
08-18 17:22:46.018 W/qdgralloc(31209): getInterlacedFlag: getMetaData returned 3, defaulting to interlaced_flag = 0
08-18 17:22:46.019 W/qdgralloc(31209): getInterlacedFlag: getMetaData returned 3, defaulting to interlaced_flag = 0
08-18 17:22:46.020 W/qdgralloc(31209): getInterlacedFlag: getMetaData returned 3, defaulting to interlaced_flag = 0
08-18 17:22:46.021 W/qdgralloc(31209): getInterlacedFlag: getMetaData returned 3, defaulting to interlaced_flag = 0
08-18 17:22:46.021 W/qdgralloc(31209): getInterlacedFlag: getMetaData returned 3, defaulting to interlaced_flag = 0
08-18 17:22:46.033 E/ProcessHelper(31209): W: [linker64] main.c: /proc/self/exe does not point to /data/data/com.xiaoji.egggame/files/usr/bin/pulseaudio, cannot self execute. Are you playing games?
08-18 17:22:46.189 E/ProcessHelper(31209): W: [linker64] server-lookup.c: Unable to contact D-Bus: org.freedesktop.DBus.Error.NotSupported: Unable to autolaunch a dbus-daemon without a $DISPLAY for X11
08-18 17:22:46.189 E/ProcessHelper(31209): W: [linker64] main.c: Unable to contact D-Bus: org.freedesktop.DBus.Error.NotSupported: Unable to autolaunch a dbus-daemon without a $DISPLAY for X11
08-18 17:22:46.193 I/winemu  (31209): Notified clients of gamepad count update: 1
08-18 17:22:46.193 I/winemu  (31209): Updated gamepad count to 1
08-18 17:22:46.193 D/gamepad (31209): Updated native gamepad count to 1
08-18 17:22:47.933 I/winemu  (31209): Client connected: fd=188
08-18 17:22:47.933 I/winemu  (31209): Sent gamepad list with 4 slots and count 1 to client fd=188
08-18 17:22:48.289 I/EmuWindowContext(31209): Program process exited: status=139 dependencyInstaller=false
08-18 17:22:48.290 W/System.err(31209): java.io.InterruptedIOException: read interrupted by close() on another thread
08-18 17:22:48.290 W/System.err(31209): 	at libcore.io.Linux.readBytes(Native Method)
08-18 17:22:48.290 W/System.err(31209): 	at libcore.io.Linux.read(Linux.java:190)
08-18 17:22:48.290 W/System.err(31209): 	at libcore.io.ForwardingOs.read(ForwardingOs.java:613)
08-18 17:22:48.290 W/System.err(31209): 	at libcore.io.BlockGuardOs.read(BlockGuardOs.java:325)
08-18 17:22:48.290 W/System.err(31209): 	at libcore.io.ForwardingOs.read(ForwardingOs.java:613)
08-18 17:22:48.290 W/System.err(31209): 	at libcore.io.IoBridge.read(IoBridge.java:604)
08-18 17:22:48.290 W/System.err(31209): 	at java.io.FileInputStream.read(FileInputStream.java:353)
08-18 17:22:48.290 W/System.err(31209): 	at java.io.BufferedInputStream.read1(BufferedInputStream.java:277)
08-18 17:22:48.290 W/System.err(31209): 	at java.io.BufferedInputStream.read(BufferedInputStream.java:338)
08-18 17:22:48.290 W/System.err(31209): 	at sun.nio.cs.StreamDecoder.readBytes(StreamDecoder.java:291)
08-18 17:22:48.290 W/System.err(31209): 	at sun.nio.cs.StreamDecoder.implRead(StreamDecoder.java:355)
08-18 17:22:48.290 W/System.err(31209): 	at sun.nio.cs.StreamDecoder.read(StreamDecoder.java:181)
08-18 17:22:48.290 W/System.err(31209): 	at java.io.InputStreamReader.read(InputStreamReader.java:177)
08-18 17:22:48.290 W/System.err(31209): 	at java.io.BufferedReader.fill(BufferedReader.java:172)
08-18 17:22:48.290 W/System.err(31209): 	at java.io.BufferedReader.readLine(BufferedReader.java:337)
08-18 17:22:48.290 W/System.err(31209): 	at java.io.BufferedReader.readLine(BufferedReader.java:403)
08-18 17:22:48.290 W/System.err(31209): 	at xjp.g05.W(r8-map-id-14fe18d94aebbb6e83d50306d49aa492eb6ed6456c2a8bbbd0084f85e0ba04fd:11)
08-18 17:22:48.290 W/System.err(31209): 	at xjp.td6.run(r8-map-id-14fe18d94aebbb6e83d50306d49aa492eb6ed6456c2a8bbbd0084f85e0ba04fd:59)
08-18 17:22:48.290 W/System.err(31209): 	at java.lang.Thread.run(Thread.java:1012)
08-18 17:22:48.290 W/System.err(31209): java.io.InterruptedIOException: read interrupted by close() on another thread
08-18 17:22:48.290 W/System.err(31209): 	at libcore.io.Linux.readBytes(Native Method)
08-18 17:22:48.290 W/System.err(31209): 	at libcore.io.Linux.read(Linux.java:190)
08-18 17:22:48.290 W/System.err(31209): 	at libcore.io.ForwardingOs.read(ForwardingOs.java:613)
08-18 17:22:48.290 W/System.err(31209): 	at libcore.io.BlockGuardOs.read(BlockGuardOs.java:325)
08-18 17:22:48.290 W/System.err(31209): 	at libcore.io.ForwardingOs.read(ForwardingOs.java:613)
08-18 17:22:48.290 W/System.err(31209): 	at libcore.io.IoBridge.read(IoBridge.java:604)
08-18 17:22:48.290 W/System.err(31209): 	at java.io.FileInputStream.read(FileInputStream.java:353)
08-18 17:22:48.290 W/System.err(31209): 	at java.io.BufferedInputStream.read1(BufferedInputStream.java:277)
08-18 17:22:48.290 W/System.err(31209): 	at java.io.BufferedInputStream.read(BufferedInputStream.java:338)
08-18 17:22:48.290 W/System.err(31209): 	at sun.nio.cs.StreamDecoder.readBytes(StreamDecoder.java:291)
08-18 17:22:48.290 W/System.err(31209): 	at sun.nio.cs.StreamDecoder.implRead(StreamDecoder.java:355)
08-18 17:22:48.290 W/System.err(31209): 	at sun.nio.cs.StreamDecoder.read(StreamDecoder.java:181)
08-18 17:22:48.290 W/System.err(31209): 	at java.io.InputStreamReader.read(InputStreamReader.java:177)
08-18 17:22:48.290 W/System.err(31209): 	at java.io.BufferedReader.fill(BufferedReader.java:172)
08-18 17:22:48.290 W/System.err(31209): 	at java.io.BufferedReader.readLine(BufferedReader.java:337)
08-18 17:22:48.290 W/System.err(31209): 	at java.io.BufferedReader.readLine(BufferedReader.java:403)
08-18 17:22:48.290 W/System.err(31209): 	at xjp.g05.W(r8-map-id-14fe18d94aebbb6e83d50306d49aa492eb6ed6456c2a8bbbd0084f85e0ba04fd:11)
08-18 17:22:48.290 W/System.err(31209): 	at xjp.td6.run(r8-map-id-14fe18d94aebbb6e83d50306d49aa492eb6ed6456c2a8bbbd0084f85e0ba04fd:67)
08-18 17:22:48.290 W/System.err(31209): 	at java.lang.Thread.run(Thread.java:1012)
08-18 17:22:48.703 W/System.err(31209): java.io.InterruptedIOException: read interrupted by close() on another thread
08-18 17:22:48.703 W/System.err(31209): 	at libcore.io.Linux.readBytes(Native Method)
08-18 17:22:48.703 W/System.err(31209): 	at libcore.io.Linux.read(Linux.java:190)
08-18 17:22:48.703 W/System.err(31209): 	at libcore.io.ForwardingOs.read(ForwardingOs.java:613)
08-18 17:22:48.703 W/System.err(31209): 	at libcore.io.BlockGuardOs.read(BlockGuardOs.java:325)
08-18 17:22:48.703 W/System.err(31209): 	at libcore.io.ForwardingOs.read(ForwardingOs.java:613)
08-18 17:22:48.703 W/System.err(31209): 	at libcore.io.IoBridge.read(IoBridge.java:604)
08-18 17:22:48.703 W/System.err(31209): 	at java.io.FileInputStream.read(FileInputStream.java:353)
08-18 17:22:48.703 W/System.err(31209): 	at java.io.BufferedInputStream.read1(BufferedInputStream.java:277)
08-18 17:22:48.703 W/System.err(31209): 	at java.io.BufferedInputStream.read(BufferedInputStream.java:338)
08-18 17:22:48.703 W/System.err(31209): 	at sun.nio.cs.StreamDecoder.readBytes(StreamDecoder.java:291)
08-18 17:22:48.703 W/System.err(31209): 	at sun.nio.cs.StreamDecoder.implRead(StreamDecoder.java:355)
08-18 17:22:48.703 W/System.err(31209): 	at sun.nio.cs.StreamDecoder.read(StreamDecoder.java:181)
08-18 17:22:48.703 W/System.err(31209): 	at java.io.InputStreamReader.read(InputStreamReader.java:177)
08-18 17:22:48.703 W/System.err(31209): 	at java.io.BufferedReader.fill(BufferedReader.java:172)
08-18 17:22:48.703 W/System.err(31209): 	at java.io.BufferedReader.readLine(BufferedReader.java:337)
08-18 17:22:48.703 W/System.err(31209): 	at java.io.BufferedReader.readLine(BufferedReader.java:403)
08-18 17:22:48.703 W/System.err(31209): 	at xjp.g05.W(r8-map-id-14fe18d94aebbb6e83d50306d49aa492eb6ed6456c2a8bbbd0084f85e0ba04fd:11)
08-18 17:22:48.703 W/System.err(31209): 	at xjp.td6.run(r8-map-id-14fe18d94aebbb6e83d50306d49aa492eb6ed6456c2a8bbbd0084f85e0ba04fd:67)
08-18 17:22:48.703 W/System.err(31209): 	at java.lang.Thread.run(Thread.java:1012)
08-18 17:22:48.703 W/System.err(31209): java.io.InterruptedIOException: read interrupted by close() on another thread
08-18 17:22:48.703 W/System.err(31209): 	at libcore.io.Linux.readBytes(Native Method)
08-18 17:22:48.703 W/System.err(31209): 	at libcore.io.Linux.read(Linux.java:190)
08-18 17:22:48.703 W/System.err(31209): 	at libcore.io.ForwardingOs.read(ForwardingOs.java:613)
08-18 17:22:48.703 W/System.err(31209): 	at libcore.io.BlockGuardOs.read(BlockGuardOs.java:325)
08-18 17:22:48.703 W/System.err(31209): 	at libcore.io.ForwardingOs.read(ForwardingOs.java:613)
08-18 17:22:48.703 W/System.err(31209): 	at libcore.io.IoBridge.read(IoBridge.java:604)
08-18 17:22:48.703 W/System.err(31209): 	at java.io.FileInputStream.read(FileInputStream.java:353)
08-18 17:22:48.703 W/System.err(31209): 	at java.io.BufferedInputStream.read1(BufferedInputStream.java:277)
08-18 17:22:48.703 W/System.err(31209): 	at java.io.BufferedInputStream.read(BufferedInputStream.java:338)
08-18 17:22:48.703 W/System.err(31209): 	at sun.nio.cs.StreamDecoder.readBytes(StreamDecoder.java:291)
08-18 17:22:48.703 W/System.err(31209): 	at sun.nio.cs.StreamDecoder.implRead(StreamDecoder.java:355)
08-18 17:22:48.703 W/System.err(31209): 	at sun.nio.cs.StreamDecoder.read(StreamDecoder.java:181)
08-18 17:22:48.703 W/System.err(31209): 	at java.io.InputStreamReader.read(InputStreamReader.java:177)
08-18 17:22:48.703 W/System.err(31209): 	at java.io.BufferedReader.fill(BufferedReader.java:172)
08-18 17:22:48.703 W/System.err(31209): 	at java.io.BufferedReader.readLine(BufferedReader.java:337)
08-18 17:22:48.703 W/System.err(31209): 	at java.io.BufferedReader.readLine(BufferedReader.java:403)
08-18 17:22:48.703 W/System.err(31209): 	at xjp.g05.W(r8-map-id-14fe18d94aebbb6e83d50306d49aa492eb6ed6456c2a8bbbd0084f85e0ba04fd:11)
08-18 17:22:48.703 W/System.err(31209): 	at xjp.td6.run(r8-map-id-14fe18d94aebbb6e83d50306d49aa492eb6ed6456c2a8bbbd0084f85e0ba04fd:59)
08-18 17:22:48.703 W/System.err(31209): 	at java.lang.Thread.run(Thread.java:1012)
08-18 17:22:49.425 I/winemu  (31209): Client disconnected: fd=188
08-18 17:22:49.551 E/ProcessHelper(31209): Boot SandboxFS 42aed2f (2026-08-14)
08-18 17:22:49.552 I/EmuWindowContext(31209): Stopping runtime: returnCode=139
08-18 17:22:49.552 I/TabTipServer(31209): TabTip server stopped
08-18 17:22:49.552 I/SteamAgentServer(31209): Stopping SteamAgentServer...
08-18 17:22:49.552 I/TabTipServer(31209): Server loop ended
08-18 17:22:49.553 D/Process (31209): killProcess 7214 at :
08-18 17:22:49.553 D/Process (31209): java.lang.Throwable
08-18 17:22:49.553 D/Process (31209): 	at android.os.Process.killProcess(Process.java:1489)
08-18 17:22:49.553 D/Process (31209): 	at xjp.qg6.b(r8-map-id-14fe18d94aebbb6e83d50306d49aa492eb6ed6456c2a8bbbd0084f85e0ba04fd:49)
08-18 17:22:49.553 D/Process (31209): 	at com.winemu.openapi.WinUIBridge.b(r8-map-id-14fe18d94aebbb6e83d50306d49aa492eb6ed6456c2a8bbbd0084f85e0ba04fd:234)
08-18 17:22:49.553 D/Process (31209): 	at com.winemu.openapi.WinUIBridge.d(r8-map-id-14fe18d94aebbb6e83d50306d49aa492eb6ed6456c2a8bbbd0084f85e0ba04fd:41)
08-18 17:22:49.553 D/Process (31209): 	at xjp.baa.invokeSuspend(r8-map-id-14fe18d94aebbb6e83d50306d49aa492eb6ed6456c2a8bbbd0084f85e0ba04fd:98)
08-18 17:22:49.553 D/Process (31209): 	at kotlin.coroutines.jvm.internal.BaseContinuationImpl.resumeWith(r8-map-id-7c7dd3a9031f697fa5593675b658cb28297b62bba3e40a74503c941f794d29a4:8)
08-18 17:22:49.553 D/Process (31209): 	at kotlinx.coroutines.e.run(r8-map-id-7c7dd3a9031f697fa5593675b658cb28297b62bba3e40a74503c941f794d29a4:125)
08-18 17:22:49.553 D/Process (31209): 	at um9.b(r8-map-id-7c7dd3a9031f697fa5593675b658cb28297b62bba3e40a74503c941f794d29a4:6)
08-18 17:22:49.553 D/Process (31209): 	at um9.run(r8-map-id-7c7dd3a9031f697fa5593675b658cb28297b62bba3e40a74503c941f794d29a4:446)
08-18 17:22:49.553 D/Process (31209): 	at x5r.run(r8-map-id-7c7dd3a9031f697fa5593675b658cb28297b62bba3e40a74503c941f794d29a4:3)
08-18 17:22:49.553 D/Process (31209): 	at tj5.run(r8-map-id-7c7dd3a9031f697fa5593675b658cb28297b62bba3e40a74503c941f794d29a4:88)
08-18 17:22:49.553 I/Process (31209): Sending signal. PID: 7214 SIG: 9
08-18 17:22:49.554 D/Process (31209): killProcess 7220 at :
08-18 17:22:49.554 D/Process (31209): java.lang.Throwable
08-18 17:22:49.554 D/Process (31209): 	at android.os.Process.killProcess(Process.java:1489)
08-18 17:22:49.554 D/Process (31209): 	at xjp.kf6.b(r8-map-id-14fe18d94aebbb6e83d50306d49aa492eb6ed6456c2a8bbbd0084f85e0ba04fd:9)
08-18 17:22:49.554 D/Process (31209): 	at com.winemu.openapi.WinUIBridge.b(r8-map-id-14fe18d94aebbb6e83d50306d49aa492eb6ed6456c2a8bbbd0084f85e0ba04fd:234)
08-18 17:22:49.554 D/Process (31209): 	at com.winemu.openapi.WinUIBridge.d(r8-map-id-14fe18d94aebbb6e83d50306d49aa492eb6ed6456c2a8bbbd0084f85e0ba04fd:41)
08-18 17:22:49.554 D/Process (31209): 	at xjp.baa.invokeSuspend(r8-map-id-14fe18d94aebbb6e83d50306d49aa492eb6ed6456c2a8bbbd0084f85e0ba04fd:98)
08-18 17:22:49.554 D/Process (31209): 	at kotlin.coroutines.jvm.internal.BaseContinuationImpl.resumeWith(r8-map-id-7c7dd3a9031f697fa5593675b658cb28297b62bba3e40a74503c941f794d29a4:8)
08-18 17:22:49.554 D/Process (31209): 	at kotlinx.coroutines.e.run(r8-map-id-7c7dd3a9031f697fa5593675b658cb28297b62bba3e40a74503c941f794d29a4:125)
08-18 17:22:49.554 D/Process (31209): 	at um9.b(r8-map-id-7c7dd3a9031f697fa5593675b658cb28297b62bba3e40a74503c941f794d29a4:6)
08-18 17:22:49.554 D/Process (31209): 	at um9.run(r8-map-id-7c7dd3a9031f697fa5593675b658cb28297b62bba3e40a74503c941f794d29a4:446)
08-18 17:22:49.554 D/Process (31209): 	at x5r.run(r8-map-id-7c7dd3a9031f697fa5593675b658cb28297b62bba3e40a74503c941f794d29a4:3)
08-18 17:22:49.554 D/Process (31209): 	at tj5.run(r8-map-id-7c7dd3a9031f697fa5593675b658cb28297b62bba3e40a74503c941f794d29a4:88)
08-18 17:22:49.554 I/Process (31209): Sending signal. PID: 7220 SIG: 9
08-18 17:22:49.565 E/ProcessHelper(31209): Boot SandboxFS 42aed2f (2026-08-14)
08-18 17:22:49.570 D/Process (31209): killProcess 7220 at :
08-18 17:22:49.570 D/Process (31209): java.lang.Throwable
08-18 17:22:49.570 D/Process (31209): 	at android.os.Process.killProcess(Process.java:1489)
08-18 17:22:49.570 D/Process (31209): 	at com.winemu.openapi.WinUIBridge.b(r8-map-id-14fe18d94aebbb6e83d50306d49aa492eb6ed6456c2a8bbbd0084f85e0ba04fd:359)
08-18 17:22:49.570 D/Process (31209): 	at com.winemu.openapi.WinUIBridge.d(r8-map-id-14fe18d94aebbb6e83d50306d49aa492eb6ed6456c2a8bbbd0084f85e0ba04fd:41)
08-18 17:22:49.570 D/Process (31209): 	at xjp.baa.invokeSuspend(r8-map-id-14fe18d94aebbb6e83d50306d49aa492eb6ed6456c2a8bbbd0084f85e0ba04fd:98)
08-18 17:22:49.570 D/Process (31209): 	at kotlin.coroutines.jvm.internal.BaseContinuationImpl.resumeWith(r8-map-id-7c7dd3a9031f697fa5593675b658cb28297b62bba3e40a74503c941f794d29a4:8)
08-18 17:22:49.570 D/Process (31209): 	at kotlinx.coroutines.e.run(r8-map-id-7c7dd3a9031f697fa5593675b658cb28297b62bba3e40a74503c941f794d29a4:125)
08-18 17:22:49.570 D/Process (31209): 	at um9.b(r8-map-id-7c7dd3a9031f697fa5593675b658cb28297b62bba3e40a74503c941f794d29a4:6)
08-18 17:22:49.570 D/Process (31209): 	at um9.run(r8-map-id-7c7dd3a9031f697fa5593675b658cb28297b62bba3e40a74503c941f794d29a4:446)
08-18 17:22:49.570 D/Process (31209): 	at x5r.run(r8-map-id-7c7dd3a9031f697fa5593675b658cb28297b62bba3e40a74503c941f794d29a4:3)
08-18 17:22:49.570 D/Process (31209): 	at tj5.run(r8-map-id-7c7dd3a9031f697fa5593675b658cb28297b62bba3e40a74503c941f794d29a4:88)
08-18 17:22:49.570 I/Process (31209): Sending signal. PID: 7220 SIG: 9
08-18 17:22:49.594 I/winemu-xserver(31209): server stopped rc=0 elapsed=3626ms
08-18 17:22:49.594 I/winemu-xserver(31209): stop finished elapsed=24ms
08-18 17:22:49.596 D/InputMethodManager(31209): onViewFocusChangedInternal, view=xjp.qla{dbe6580 VFE...... ........ 248,0-2232,1116 aid=1073741825},focus=false,windowFocus=true,window=android.view.ViewRootImpl$W@f3a289c,displayId=0,temporaryDetach=false,hasImeFocus=true callers:android.view.inputmethod.InputMethodManager.-$$Nest$monViewFocusChangedInternal:0 android.view.inputmethod.InputMethodManager$DelegateImpl.onViewFocusChanged:986 android.view.ImeFocusController.onViewFocusChanged:123 android.view.View.notifyFocusChangeToImeFocusController:8912 android.view.View.onFocusChanged:8870 android.view.SurfaceView.onFocusChanged:2186 android.view.View.clearFocusInternal:8713 android.view.View.unFocus:8746 android.view.ViewGroup.removeViewInternal:5580 android.view.ViewGroup.removeViewInternal:5567 android.view.ViewGroup.removeView:5498 xjp.ila.a:146 xjp.aaa.invokeSuspend:27 kotlin.coroutines.jvm.internal.BaseContinuationImpl.resumeWith:8 kotlinx.coroutines.e.run:125 android.os.Handler.handleCallback:959 android.os.Handler.dispatchMessage:100 android.os.Looper.loopOnce:266 android.os.Looper.loop:376 android.app.ActivityThread.main:10023 java.lang.reflect.Method.invoke:-2 com.android.internal.os.RuntimeInit$MethodAndArgsCaller.run:580 com.android.internal.os.ZygoteInit.main:892 <bottom of call stack> <bottom of call stack> <bottom of call stack> <bottom of call stack> <bottom of call stack> <bottom of call stack> <bottom of call stack> 
08-18 17:22:49.598 D/InputMethodManager(31209): checkFocus: view=xjp.qla{dbe6580 VFE...... ......ID 248,0-2232,1116 aid=1073741825} next=null force=false package=com.xiaoji.egggame
08-18 17:22:49.599 I/ImeTracker(31209): com.xiaoji.egggame:pcengine:cd510910: onRequestHide at ORIGIN_CLIENT reason HIDE_SOFT_INPUT_CLOSE_CURRENT_SESSION fromUser false
08-18 17:22:49.599 D/InputMethodManager(31209): closeCurrentInput hideSoftInput reason = HIDE_SOFT_INPUT
08-18 17:22:50.427 I/WinEmuModule(31209): [Android] [EngineTrace][39c73ce][114019274] steam cloud exit upload skip: not steam game gameId=10496 appId=0 canUse=false
08-18 17:22:50.427 I/WinEmuModule(31209): [Android] [EngineTrace][39c73ce][114019275] ExitCallback#1 before state=xjp.tb2@ffa0531, isBooted=true
08-18 17:22:50.428 I/WinEmuModule(31209): [Android] [VMTrace][114019275] EngineStateChanged state=xjp.sb2@bb321ad, isSteamGame=false, isSteamClientLaunch=false, isFakeSteamClient=false, steamStatusEvent=, isDependencyInstaller=false
08-18 17:22:50.428 I/WinEmuModule(31209): [Android] [VMTrace][114019275] markSessionTerminating reason=EngineStateChanged.Idle
08-18 17:22:50.428 I/WinEmuModule(31209): [Android] [VMTrace][114019275] EngineStateChanged.Idle -> send HandleByDestroy normalExit=true
08-18 17:22:50.428 I/WinEmuModule(31209): [Android] onStopGame(f82503bb-9fd6-413b-899a-7e4d0527ec77)
08-18 17:22:50.429 I/WinEmuModule(31209): [Android] skip user_game_event duration source=game_exit reason=empty_duration gameId=10496 durationSeconds=0
08-18 17:22:50.429 I/BITrack (31209): [Android] skip game_playtime reason=empty_duration gameId=10496 durationSeconds=0
08-18 17:22:50.438 I/WinEmuModule(31209): [Android] track smart_config_use skip: game not loaded gameId=10496
08-18 17:22:50.438 I/WinEmuModule(31209): [Android] pc模拟器游戏埋点-时长 10496  0
08-18 17:22:50.438 I/WinEmuModule(31209): [Android] onExit, exitCalled=true
08-18 17:22:50.442 I/WinEmuModule(31209): [Android] [EngineTrace][39c73ce][114019289] ExitCallback#1 after state=xjp.sb2@bb321ad, isBooted=false
08-18 17:22:50.443 D/ViewRootImpl(31209): DEBUG_DELIVER: set DeliverInputEventCallback
08-18 17:22:50.443 D/ActivityThread(31209): ***** performPauseActivity ActivityRecord{6d2071e token=android.os.BinderProxy@28aff59 {com.xiaoji.egggame/com.xiaoji.egggame.plugin.pcengine.host.PcEnginePluginHostActivity}} finished= true paused= false mFinished= true
08-18 17:22:50.444 I/WinEmuModule(31209): [Android] [WinLaunchTrace][f82503bb-9fd6-413b-899a-7e4d0527ec77][114019291] onPause() begin
08-18 17:22:50.444 I/WinEmuModule(31209): [Android] [WinLaunchTrace][f82503bb-9fd6-413b-899a-7e4d0527ec77][114019291] onPause() end
08-18 17:22:50.841 E/FrameEvents(31209): addRelease: Did not find frame.
08-18 17:22:50.848 E/FrameEvents(31209): addRelease: Did not find frame.
08-18 17:22:50.858 E/FrameEvents(31209): addRelease: Did not find frame.
08-18 17:22:50.869 E/FrameEvents(31209): addRelease: Did not find frame.
08-18 17:22:50.880 E/FrameEvents(31209): addRelease: Did not find frame.
08-18 17:22:50.892 E/FrameEvents(31209): addRelease: Did not find frame.
08-18 17:22:50.906 E/FrameEvents(31209): addRelease: Did not find frame.
08-18 17:22:50.917 E/FrameEvents(31209): addRelease: Did not find frame.
08-18 17:22:50.924 E/FrameEvents(31209): addRelease: Did not find frame.
08-18 17:22:50.938 E/FrameEvents(31209): addRelease: Did not find frame.
08-18 17:22:50.947 E/FrameEvents(31209): addRelease: Did not find frame.
08-18 17:22:50.962 E/FrameEvents(31209): addRelease: Did not find frame.
08-18 17:22:50.971 E/FrameEvents(31209): addRelease: Did not find frame.
08-18 17:22:50.982 E/FrameEvents(31209): addRelease: Did not find frame.
08-18 17:22:50.992 E/FrameEvents(31209): addRelease: Did not find frame.
08-18 17:22:51.004 E/FrameEvents(31209): addRelease: Did not find frame.
08-18 17:22:51.014 E/FrameEvents(31209): addRelease: Did not find frame.
08-18 17:22:51.023 E/FrameEvents(31209): addRelease: Did not find frame.
08-18 17:22:51.035 E/FrameEvents(31209): addRelease: Did not find frame.
08-18 17:22:51.048 E/FrameEvents(31209): addRelease: Did not find frame.
08-18 17:22:51.058 E/FrameEvents(31209): addRelease: Did not find frame.
08-18 17:22:51.068 E/FrameEvents(31209): addRelease: Did not find frame.
08-18 17:22:51.070 D/VRI[PcEnginePluginHostActivity](31209): visibilityChanged oldVisibility=true newVisibility=false
08-18 17:22:51.081 E/FrameEvents(31209): addRelease: Did not find frame.
08-18 17:22:51.264 D/ActivityThread(31209): ***** handleStopActivity r ActivityRecord{6d2071e token=android.os.BinderProxy@28aff59 {com.xiaoji.egggame/com.xiaoji.egggame.plugin.pcengine.host.PcEnginePluginHostActivity}} stopped= false paused= true
08-18 17:22:51.269 D/ViewRootImpl(31209): DEBUG_DELIVER: remove DeliverInputEventCallback
08-18 17:22:51.279 W/Core_Lifecycle(31209): [Android] [RebuildTrace] App@e519ec7 DISPOSE composition
08-18 17:22:51.301 I/NetworkModule(31209): [Android] buildSign source -> md5Lowercase : game_id=10496&source_game_id=&source_type=&source_user_id=&all-egg-shell-y7ZatUDk -> 8d1d38304c130c1e0ea8eeaae5043b2f
08-18 17:22:51.302 I/NetworkTokenRefresh(31209): [Android] TokenRefreshPlugin: send request path=heartbeat/game/end
08-18 17:22:51.303 I/NetworkModule(31209): [Android] [API] REQUEST: https://dev2-gamehub-api-oversea.vgabc.com/heartbeat/game/end
08-18 17:22:51.303 I/NetworkModule(31209): METHOD: POST
08-18 17:22:51.345 I/NetworkModule(31209): [Android] [API] RESPONSE: 200 OK
08-18 17:22:51.345 I/NetworkModule(31209): METHOD: POST
08-18 17:22:51.345 I/NetworkModule(31209): FROM: https://dev2-gamehub-api-oversea.vgabc.com/heartbeat/game/end
08-18 17:22:51.346 I/WineGameUsageTracker(31209): [Android] 停止心跳请求
08-18 17:22:51.346 I/WineGameUsageTracker(31209): [Android] 保存时间 0
08-18 17:22:51.347 I/WinEmuModule(31209): [Android] [WinLaunchTrace][f82503bb-9fd6-413b-899a-7e4d0527ec77][114020194] onDestroy() begin
08-18 17:22:51.347 I/WinEmuModule(31209): [Android] [GamepadPipeline] session=31209-1vvsfx seq=3 uptime=114020195 source=session kind=lifecycle state=stopped slots=empty
08-18 17:22:51.348 I/WinEmuModule(31209): [Android] DevicePerformanceReporter requestFinalFlush reason=activity_destroy
08-18 17:22:51.348 I/WinEmuModule(31209): [Android] DevicePerformanceReporter summary skipped reason=activity_destroy sessionId=null finalized=false
08-18 17:22:51.348 I/WinEmuModule(31209): [Android] DevicePerformanceReporter final summary flush finished reason=activity_destroy uploadedBatches=0 sessionIds=[]
08-18 17:22:51.351 D/gamepad (31209): Disabling virtual gamepad
08-18 17:22:51.351 D/gamepad (31209): Virtual gamepad disabled
08-18 17:22:51.351 I/WinEmuModule(31209): [Android] [WinLaunchTrace][f82503bb-9fd6-413b-899a-7e4d0527ec77][114020199] onDestroy() -> engine.destroy()
08-18 17:22:51.351 I/WinEmuModule(31209): [Android] WinEmuEngineImpl destroy
08-18 17:22:51.352 I/WinEmuModule(31209): [Android] [WinLaunchTrace][f82503bb-9fd6-413b-899a-7e4d0527ec77][114020199] onDestroy() end
08-18 17:22:51.352 I/ActivityThread(31209): performDestroyActivity - r.token = android.os.BinderProxy@28aff59, getComponent() = ComponentInfo{com.xiaoji.egggame/com.xiaoji.egggame.plugin.pcengine.host.PcEnginePluginHostActivity}
08-18 17:22:51.352 W/WindowOnBackDispatcher(31209): sendCancelIfRunning: isInProgress=false callback=android.view.ViewRootImpl$$ExternalSyntheticLambda16@dd58e89
08-18 17:23:23.992 W/gggame:pcengine(31209): Couldn't lock the profile file /data/user/0/com.xiaoji.egggame/files/plugins/com.xiaoji.egggame.plugin.pcengine/oat/base.apk.cur.prof: Failed to open file '/data/user/0/com.xiaoji.egggame/files/plugins/com.xiaoji.egggame.plugin.pcengine/oat/base.apk.cur.prof': Permission denied
08-18 17:23:23.992 W/gggame:pcengine(31209): Could not forcefully load profile /data/user/0/com.xiaoji.egggame/files/plugins/com.xiaoji.egggame.plugin.pcengine/oat/base.apk.cur.prof
08-18 17:23:43.927 W/gggame:pcengine(31209): No such thread id 41 for suspend
